Archive member included to satisfy reference by file (symbol)

C:/MaximSDK/Libraries/PeriphDrivers/bin/MAX78002/softfp/libPeriphDriver_softfp.a(mxc_delay.o)
                              d:/Hello_World/build/main.o (MXC_Delay)
C:/MaximSDK/Libraries/PeriphDrivers/bin/MAX78002/softfp/libPeriphDriver_softfp.a(nvic_table.o)
                              d:/Hello_World/build/camera.o (MXC_NVIC_SetVector)
C:/MaximSDK/Libraries/PeriphDrivers/bin/MAX78002/softfp/libPeriphDriver_softfp.a(pins_ai87.o)
                              d:/Hello_World/build/camera.o (gpio_cfg_pcif_xclk)
C:/MaximSDK/Libraries/PeriphDrivers/bin/MAX78002/softfp/libPeriphDriver_softfp.a(sys_ai87.o)
                              d:/Hello_World/build/board.o (MXC_SYS_ClockEnable)
C:/MaximSDK/Libraries/PeriphDrivers/bin/MAX78002/softfp/libPeriphDriver_softfp.a(aes_ai87.o)
                              C:/MaximSDK/Libraries/PeriphDrivers/bin/MAX78002/softfp/libPeriphDriver_softfp.a(sys_ai87.o) (MXC_AES_Init)
C:/MaximSDK/Libraries/PeriphDrivers/bin/MAX78002/softfp/libPeriphDriver_softfp.a(aes_revb.o)
                              C:/MaximSDK/Libraries/PeriphDrivers/bin/MAX78002/softfp/libPeriphDriver_softfp.a(aes_ai87.o) (MXC_AES_RevB_Init)
C:/MaximSDK/Libraries/PeriphDrivers/bin/MAX78002/softfp/libPeriphDriver_softfp.a(cameraif_ai87.o)
                              d:/Hello_World/build/camera.o (MXC_PCIF_Init)
C:/MaximSDK/Libraries/PeriphDrivers/bin/MAX78002/softfp/libPeriphDriver_softfp.a(cameraif_reva.o)
                              C:/MaximSDK/Libraries/PeriphDrivers/bin/MAX78002/softfp/libPeriphDriver_softfp.a(cameraif_ai87.o) (MXC_PCIF_RevA_SetDatawidth)
C:/MaximSDK/Libraries/PeriphDrivers/bin/MAX78002/softfp/libPeriphDriver_softfp.a(csi2_ai87.o)
                              d:/Hello_World/build/mipi_camera.o (MXC_CSI2_Init)
C:/MaximSDK/Libraries/PeriphDrivers/bin/MAX78002/softfp/libPeriphDriver_softfp.a(csi2_reva.o)
                              C:/MaximSDK/Libraries/PeriphDrivers/bin/MAX78002/softfp/libPeriphDriver_softfp.a(csi2_ai87.o) (MXC_CSI2_RevA_Init)
C:/MaximSDK/Libraries/PeriphDrivers/bin/MAX78002/softfp/libPeriphDriver_softfp.a(dma_ai87.o)
                              C:/MaximSDK/Libraries/PeriphDrivers/bin/MAX78002/softfp/libPeriphDriver_softfp.a(aes_revb.o) (MXC_DMA_Init)
C:/MaximSDK/Libraries/PeriphDrivers/bin/MAX78002/softfp/libPeriphDriver_softfp.a(dma_reva.o)
                              C:/MaximSDK/Libraries/PeriphDrivers/bin/MAX78002/softfp/libPeriphDriver_softfp.a(dma_ai87.o) (MXC_DMA_RevA_Init)
C:/MaximSDK/Libraries/PeriphDrivers/bin/MAX78002/softfp/libPeriphDriver_softfp.a(flc_ai87.o)
                              C:/MaximSDK/Libraries/PeriphDrivers/bin/MAX78002/softfp/libPeriphDriver_softfp.a(sys_ai87.o) (MXC_FLC_UnlockInfoBlock)
C:/MaximSDK/Libraries/PeriphDrivers/bin/MAX78002/softfp/libPeriphDriver_softfp.a(flc_reva.o)
                              C:/MaximSDK/Libraries/PeriphDrivers/bin/MAX78002/softfp/libPeriphDriver_softfp.a(flc_ai87.o) (MXC_FLC_RevA_Busy)
C:/MaximSDK/Libraries/PeriphDrivers/bin/MAX78002/softfp/libPeriphDriver_softfp.a(gpio_ai87.o)
                              d:/Hello_World/build/board.o (MXC_GPIO_Config)
C:/MaximSDK/Libraries/PeriphDrivers/bin/MAX78002/softfp/libPeriphDriver_softfp.a(gpio_reva.o)
                              C:/MaximSDK/Libraries/PeriphDrivers/bin/MAX78002/softfp/libPeriphDriver_softfp.a(gpio_ai87.o) (MXC_GPIO_RevA_InGet)
C:/MaximSDK/Libraries/PeriphDrivers/bin/MAX78002/softfp/libPeriphDriver_softfp.a(pt_ai87.o)
                              d:/Hello_World/build/camera.o (MXC_PT_Init)
C:/MaximSDK/Libraries/PeriphDrivers/bin/MAX78002/softfp/libPeriphDriver_softfp.a(pt_reva.o)
                              C:/MaximSDK/Libraries/PeriphDrivers/bin/MAX78002/softfp/libPeriphDriver_softfp.a(pt_ai87.o) (MXC_PT_RevA_Init)
C:/MaximSDK/Libraries/PeriphDrivers/bin/MAX78002/softfp/libPeriphDriver_softfp.a(spi_ai87.o)
                              d:/Hello_World/build/board.o (MXC_SPI_Init)
C:/MaximSDK/Libraries/PeriphDrivers/bin/MAX78002/softfp/libPeriphDriver_softfp.a(spi_reva1.o)
                              C:/MaximSDK/Libraries/PeriphDrivers/bin/MAX78002/softfp/libPeriphDriver_softfp.a(spi_ai87.o) (MXC_SPI_RevA1_Init)
C:/MaximSDK/Libraries/PeriphDrivers/bin/MAX78002/softfp/libPeriphDriver_softfp.a(trng_ai87.o)
                              C:/MaximSDK/Libraries/PeriphDrivers/bin/MAX78002/softfp/libPeriphDriver_softfp.a(aes_ai87.o) (MXC_TRNG_GenerateKey)
C:/MaximSDK/Libraries/PeriphDrivers/bin/MAX78002/softfp/libPeriphDriver_softfp.a(trng_revb.o)
                              C:/MaximSDK/Libraries/PeriphDrivers/bin/MAX78002/softfp/libPeriphDriver_softfp.a(trng_ai87.o) (MXC_TRNG_RevB_Init)
C:/MaximSDK/Libraries/PeriphDrivers/bin/MAX78002/softfp/libPeriphDriver_softfp.a(uart_ai87.o)
                              d:/Hello_World/build/board.o (MXC_UART_Shutdown)
C:/MaximSDK/Libraries/PeriphDrivers/bin/MAX78002/softfp/libPeriphDriver_softfp.a(uart_common.o)
[...]
Memory Configuration

Name             Origin             Length             Attributes
ROM              0x00000000         0x00010000         xr
FLASH            0x10000000         0x00280000         xr
SRAM             0x20000000         0x00060000         xrw
*default*        0x00000000         0xffffffff

Linker script and memory map

LOAD c:/maximsdk/tools/gnutools/10.3/bin/../lib/gcc/arm-none-eabi/10.3.1/thumb/v7e-m+fp/softfp/crti.o
LOAD c:/maximsdk/tools/gnutools/10.3/bin/../lib/gcc/arm-none-eabi/10.3.1/thumb/v7e-m+fp/softfp/crtbegin.o
LOAD c:/maximsdk/tools/gnutools/10.3/bin/../lib/gcc/arm-none-eabi/10.3.1/../../../../arm-none-eabi/lib/thumb/v7e-m+fp/softfp/crt0.o
LOAD d:/Hello_World/build/main.o
LOAD d:/Hello_World/build/board.o
LOAD d:/Hello_World/build/stdio.o
LOAD d:/Hello_World/build/led.o
LOAD d:/Hello_World/build/pb.o
LOAD d:/Hello_World/build/tft_st7789v.o
LOAD d:/Hello_World/build/tsc2046.o
LOAD d:/Hello_World/build/camera.o
LOAD d:/Hello_World/build/mipi_camera.o
LOAD d:/Hello_World/build/ov7692.o
LOAD d:/Hello_World/build/sccb.o
LOAD d:/Hello_World/build/startup_max78002.o
LOAD d:/Hello_World/build/heap.o
LOAD d:/Hello_World/build/system_max78002.o
START GROUP
LOAD C:/MaximSDK/Libraries/PeriphDrivers/bin/MAX78002/softfp/libPeriphDriver_softfp.a
LOAD c:/maximsdk/tools/gnutools/10.3/bin/../lib/gcc/arm-none-eabi/10.3.1/../../../../arm-none-eabi/lib/thumb/v7e-m+fp/softfp\libc.a
LOAD c:/maximsdk/tools/gnutools/10.3/bin/../lib/gcc/arm-none-eabi/10.3.1/../../../../arm-none-eabi/lib/thumb/v7e-m+fp/softfp\libm.a
LOAD c:/maximsdk/tools/gnutools/10.3/bin/../lib/gcc/arm-none-eabi/10.3.1/../../../../arm-none-eabi/lib/thumb/v7e-m+fp/softfp\libnosys.a
END GROUP
START GROUP
LOAD c:/maximsdk/tools/gnutools/10.3/bin/../lib/gcc/arm-none-eabi/10.3.1/thumb/v7e-m+fp/softfp\libgcc.a
LOAD c:/maximsdk/tools/gnutools/10.3/bin/../lib/gcc/arm-none-eabi/10.3.1/../../../../arm-none-eabi/lib/thumb/v7e-m+fp/softfp\libc.a
END GROUP
LOAD c:/maximsdk/tools/gnutools/10.3/bin/../lib/gcc/arm-none-eabi/10.3.1/thumb/v7e-m+fp/softfp/crtend.o
LOAD c:/maximsdk/tools/gnutools/10.3/bin/../lib/gcc/arm-none-eabi/10.3.1/thumb/v7e-m+fp/softfp/crtn.o

.rom
 *(.rom_vector)
 *(.rom_handlers*)

.text           0x10000000     0x9874
                0x10000000                _text = .
 *(.isr_vector)
 .isr_vector    0x10000000      0x1e4 d:/Hello_World/build/startup_max78002.o
                0x10000000                __isr_vector
 EXCLUDE_FILE(*riscv.o) *(.text*)
 .text          0x100001e4       0x40 c:/maximsdk/tools/gnutools/10.3/bin/../lib/gcc/arm-none-eabi/10.3.1/thumb/v7e-m+fp/softfp/crtbegin.o
 .text.startup.main
                0x10000224      0x108 d:/Hello_World/build/main.o
                0x10000224                main
 .text.mxc_assert
                0x1000032c       0x10 d:/Hello_World/build/board.o
                0x1000032c                mxc_assert
 .text.GPIO0_IRQHandler
                0x1000033c        0x8 d:/Hello_World/build/board.o
                0x1000033c                GPIO0_IRQHandler
 .text.GPIO1_IRQHandler
                0x10000344        0x8 d:/Hello_World/build/board.o
                0x10000344                GPIO1_IRQHandler
 .text.GPIO2_IRQHandler
                0x1000034c        0x8 d:/Hello_World/build/board.o
                0x1000034c                GPIO2_IRQHandler
 .text.TFT_SPI_Init
                0x10000354       0xa0 d:/Hello_World/build/board.o
                0x10000354                TFT_SPI_Init
 .text.TFT_SPI_Write
                0x100003f4       0x60 d:/Hello_World/build/board.o
                0x100003f4                TFT_SPI_Write
 .text.TFT_SPI_Transmit
                0x10000454       0x98 d:/Hello_World/build/board.o
                0x10000454                TFT_SPI_Transmit
 .text.Board_Init
                0x100004ec       0xc0 d:/Hello_World/build/board.o
                0x100004ec                Board_Init
 .text.NMI_Handler
                0x100005ac        0x4 d:/Hello_World/build/board.o
                0x100005ac                NMI_Handler
 .text._close   0x100005b0        0x8 d:/Hello_World/build/stdio.o
                0x100005b0                _close
 .text._isatty  0x100005b8        0x8 d:/Hello_World/build/stdio.o
                0x100005b8                _isatty
 .text._lseek   0x100005c0        0x8 d:/Hello_World/build/stdio.o
                0x100005c0                _lseek
 .text._fstat   0x100005c8        0x8 d:/Hello_World/build/stdio.o
                0x100005c8                _fstat
 .text._read    0x100005d0       0x50 d:/Hello_World/build/stdio.o
                0x100005d0                _read
 .text._write   0x10000620       0x54 d:/Hello_World/build/stdio.o
                0x10000620                _write
 .text.LED_Init
                0x10000674       0x40 d:/Hello_World/build/led.o
                0x10000674                LED_Init
 .text.LED_On   0x100006b4       0x40 d:/Hello_World/build/led.o
                0x100006b4                LED_On
 .text.LED_Off  0x100006f4       0x40 d:/Hello_World/build/led.o
                0x100006f4                LED_Off
 .text.PB_Init  0x10000734       0x38 d:/Hello_World/build/pb.o
                0x10000734                PB_Init
 .text.window   0x1000076c       0x78 d:/Hello_World/build/tft_st7789v.o
 .text.fill_rect
                0x100007e4       0x94 d:/Hello_World/build/tft_st7789v.o
 .text.MXC_TFT_SetBackGroundColor
                0x10000878       0x40 d:/Hello_World/build/tft_st7789v.o
                0x10000878                MXC_TFT_SetBackGroundColor
 .text.MXC_TFT_Init
                0x100008b8      0x114 d:/Hello_World/build/tft_st7789v.o
                0x100008b8                MXC_TFT_Init
 .text.MXC_TS_AssignInterruptPin
                0x100009cc       0x28 d:/Hello_World/build/tsc2046.o
                0x100009cc                MXC_TS_AssignInterruptPin
 .text          0x100009f4      0x14c d:/Hello_World/build/startup_max78002.o
                0x100009f4                Reset_Handler
                0x10000a32                HardFault_Handler
                0x10000a34                MemManage_Handler
                0x10000a36                BusFault_Handler
                0x10000a38                UsageFault_Handler
                0x10000a3a                SVC_Handler
                0x10000a3c                DebugMon_Handler
                0x10000a3e                PendSV_Handler
                0x10000a40                SysTick_Handler
                0x10000a42                Default_Handler
                0x10000a44                PF_IRQHandler
                0x10000a46                WDT0_IRQHandler
                0x10000a48                USB_IRQHandler
                0x10000a4a                RTC_IRQHandler
                0x10000a4c                TRNG_IRQHandler
                0x10000a4e                TMR0_IRQHandler
                0x10000a50                TMR1_IRQHandler
                0x10000a52                TMR2_IRQHandler
                0x10000a54                TMR3_IRQHandler
                0x10000a56                TMR4_IRQHandler
                0x10000a58                TMR5_IRQHandler
                0x10000a5a                RSV11_IRQHandler
                0x10000a5c                RSV12_IRQHandler
                0x10000a5e                I2C0_IRQHandler
                0x10000a60                UART0_IRQHandler
                0x10000a62                UART1_IRQHandler
                0x10000a64                SPI1_IRQHandler
                0x10000a66                RSV17_IRQHandler
                0x10000a68                RSV18_IRQHandler
                0x10000a6a                RSV19_IRQHandler
                0x10000a6c                ADC_IRQHandler
                0x10000a6e                RSV21_IRQHandler
                0x10000a70                RSV22_IRQHandler
                0x10000a72                FLC0_IRQHandler
                0x10000a7a                RSV27_IRQHandler
                0x10000a7c                DMA0_IRQHandler
                0x10000a7e                DMA1_IRQHandler
                0x10000a80                DMA2_IRQHandler
                0x10000a82                DMA3_IRQHandler
                0x10000a84                RSV32_IRQHandler
                0x10000a86                RSV33_IRQHandler
                0x10000a88                UART2_IRQHandler
                0x10000a8a                RSV35_IRQHandler
                0x10000a8c                I2C1_IRQHandler
                0x10000a8e                RSV37_IRQHandler
                0x10000a90                RSV38_IRQHandler
                0x10000a92                RSV39_IRQHandler
                0x10000a94                RSV40_IRQHandler
                0x10000a96                RSV41_IRQHandler
                0x10000a98                RSV42_IRQHandler
                0x10000a9a                RSV43_IRQHandler
                0x10000a9c                RSV44_IRQHandler
                0x10000a9e                RSV45_IRQHandler
                0x10000aa0                RSV46_IRQHandler
                0x10000aa2                RSV47_IRQHandler
                0x10000aa4                RSV48_IRQHandler
                0x10000aa6                RSV49_IRQHandler
                0x10000aa8                RSV50_IRQHandler
                0x10000aaa                RSV51_IRQHandler
                0x10000aac                RSV52_IRQHandler
                0x10000aae                WUT_IRQHandler
                0x10000ab0                GPIOWAKE_IRQHandler
                0x10000ab2                RSV55_IRQHandler
                0x10000ab4                SPI0_IRQHandler
                0x10000ab6                WDT1_IRQHandler
                0x10000ab8                RSV58_IRQHandler
                0x10000aba                PT_IRQHandler
                0x10000abc                RSV60_IRQHandler
                0x10000abe                RSV61_IRQHandler
                0x10000ac0                I2C2_IRQHandler
                0x10000ac2                RISCV_IRQHandler
                0x10000ac4                RSV64_IRQHandler
                0x10000ac6                RSV65_IRQHandler
                0x10000ac8                SDHC_IRQHandler
                0x10000aca                OWM_IRQHandler
                0x10000acc                RSV68_IRQHandler
                0x10000ace                RSV69_IRQHandler
                0x10000ad0                RSV70_IRQHandler
                0x10000ad2                RSV71_IRQHandler
                0x10000ad4                RSV72_IRQHandler
                0x10000ad6                RSV73_IRQHandler
                0x10000ad8                RSV74_IRQHandler
                0x10000ada                RSV75_IRQHandler
                0x10000adc                RSV76_IRQHandler
                0x10000ade                RSV77_IRQHandler
                0x10000ae0                RSV78_IRQHandler
                0x10000ae2                RSV79_IRQHandler
                0x10000ae4                USBDMA_IRQHandler
                0x10000ae6                RSV81_IRQHandler
                0x10000ae8                ECC_IRQHandler
                0x10000aea                DVS_IRQHandler
                0x10000aec                SIMO_IRQHandler
                0x10000aee                RSV85_IRQHandler
                0x10000af0                RSV86_IRQHandler
                0x10000af2                RSV87_IRQHandler
                0x10000af4                UART3_IRQHandler
                0x10000af6                RSV89_IRQHandler
                0x10000af8                RSV90_IRQHandler
                0x10000afa                PCIF_IRQHandler
                0x10000afc                RSV92_IRQHandler
                0x10000afe                RSV93_IRQHandler
                0x10000b00                RSV94_IRQHandler
                0x10000b02                RSV95_IRQHandler
                0x10000b04                RSV96_IRQHandler
                0x10000b06                AES_IRQHandler
                0x10000b08                CRC_IRQHandler
                0x10000b0a                I2S_IRQHandler
                0x10000b0c                CNN_FIFO_IRQHandler
                0x10000b0e                CNN_IRQHandler
                0x10000b10                RSV102_IRQHandler
                0x10000b12                LPCMP_IRQHandler
                0x10000b14                CSI2_IRQHandler
 .text._sbrk    0x10000b40       0x3c d:/Hello_World/build/heap.o
                0x10000b40                _sbrk
 .text._getpid  0x10000b7c        0x8 d:/Hello_World/build/system_max78002.o
                0x10000b7c                _getpid
 .text._kill    0x10000b84        0x8 d:/Hello_World/build/system_max78002.o
                0x10000b84                _kill
 .text.SystemCoreClockUpdate
                0x10000b8c       0x84 d:/Hello_World/build/system_max78002.o
                0x10000b8c                SystemCoreClockUpdate
 .text.PreInit  0x10000c10        0x4 d:/Hello_World/build/system_max78002.o
                0x10000c10                PreInit
 .text.SystemInit
                0x10000c14       0x30 d:/Hello_World/build/system_max78002.o
                0x10000c14                SystemInit
 .text.MXC_DelayInit
                0x10000c44       0x7c C:/MaximSDK/Libraries/PeriphDrivers/bin/MAX78002/softfp/libPeriphDriver_softfp.a(mxc_delay.o)
 .text.MXC_DelayAsync
                0x10000cc0       0x3c C:/MaximSDK/Libraries/PeriphDrivers/bin/MAX78002/softfp/libPeriphDriver_softfp.a(mxc_delay.o)
                0x10000cc0                MXC_DelayAsync
 .text.MXC_DelayCheck
                0x10000cfc       0x70 C:/MaximSDK/Libraries/PeriphDrivers/bin/MAX78002/softfp/libPeriphDriver_softfp.a(mxc_delay.o)
                0x10000cfc                MXC_DelayCheck
 .text.MXC_DelayAbort
                0x10000d6c       0x34 C:/MaximSDK/Libraries/PeriphDrivers/bin/MAX78002/softfp/libPeriphDriver_softfp.a(mxc_delay.o)
                0x10000d6c                MXC_DelayAbort
 .text.MXC_Delay
                0x10000da0       0x74 C:/MaximSDK/Libraries/PeriphDrivers/bin/MAX78002/softfp/libPeriphDriver_softfp.a(mxc_delay.o)
                0x10000da0                MXC_Delay
 .text.MXC_SYS_ClockDisable
                0x10000e14       0x44 C:/MaximSDK/Libraries/PeriphDrivers/bin/MAX78002/softfp/libPeriphDriver_softfp.a(sys_ai87.o)
                0x10000e14                MXC_SYS_ClockDisable
 .text.MXC_SYS_ClockEnable
                0x10000e58       0x4c C:/MaximSDK/Libraries/PeriphDrivers/bin/MAX78002/softfp/libPeriphDriver_softfp.a(sys_ai87.o)
                0x10000e58                MXC_SYS_ClockEnable
 .text.MXC_SYS_ClockSourceEnable
                0x10000ea4      0x154 C:/MaximSDK/Libraries/PeriphDrivers/bin/MAX78002/softfp/libPeriphDriver_softfp.a(sys_ai87.o)
                0x10000ea4                MXC_SYS_ClockSourceEnable
 .text.MXC_SYS_Reset_Periph
                0x10000ff8       0x4c C:/MaximSDK/Libraries/PeriphDrivers/bin/MAX78002/softfp/libPeriphDriver_softfp.a(sys_ai87.o)
                0x10000ff8                MXC_SYS_Reset_Periph
 .text.MXC_GPIO_Init
                0x10001044       0x40 C:/MaximSDK/Libraries/PeriphDrivers/bin/MAX78002/softfp/libPeriphDriver_softfp.a(gpio_ai87.o)
                0x10001044                MXC_GPIO_Init
 .text.MXC_GPIO_Config
                0x10001084      0x220 C:/MaximSDK/Libraries/PeriphDrivers/bin/MAX78002/softfp/libPeriphDriver_softfp.a(gpio_ai87.o)
                0x10001084                MXC_GPIO_Config
 .text.MXC_GPIO_OutSet
                0x100012a4       0x30 C:/MaximSDK/Libraries/PeriphDrivers/bin/MAX78002/softfp/libPeriphDriver_softfp.a(gpio_ai87.o)
                0x100012a4                MXC_GPIO_OutSet
 .text.MXC_GPIO_OutClr
                0x100012d4       0x34 C:/MaximSDK/Libraries/PeriphDrivers/bin/MAX78002/softfp/libPeriphDriver_softfp.a(gpio_ai87.o)
                0x100012d4                MXC_GPIO_OutClr
 .text.MXC_GPIO_Handler
                0x10001308        0x4 C:/MaximSDK/Libraries/PeriphDrivers/bin/MAX78002/softfp/libPeriphDriver_softfp.a(gpio_ai87.o)
                0x10001308                MXC_GPIO_Handler
 .text.MXC_GPIO_ClearFlags
                0x1000130c       0x18 C:/MaximSDK/Libraries/PeriphDrivers/bin/MAX78002/softfp/libPeriphDriver_softfp.a(gpio_ai87.o)
                0x1000130c                MXC_GPIO_ClearFlags
 .text.MXC_GPIO_GetFlags
                0x10001324       0x18 C:/MaximSDK/Libraries/PeriphDrivers/bin/MAX78002/softfp/libPeriphDriver_softfp.a(gpio_ai87.o)
                0x10001324                MXC_GPIO_GetFlags
 .text.MXC_GPIO_SetVSSEL
                0x1000133c       0x24 C:/MaximSDK/Libraries/PeriphDrivers/bin/MAX78002/softfp/libPeriphDriver_softfp.a(gpio_ai87.o)
                0x1000133c                MXC_GPIO_SetVSSEL
 .text.MXC_GPIO_RevA_OutSet
                0x10001360        0x4 C:/MaximSDK/Libraries/PeriphDrivers/bin/MAX78002/softfp/libPeriphDriver_softfp.a(gpio_reva.o)
                0x10001360                MXC_GPIO_RevA_OutSet
 .text.MXC_GPIO_RevA_OutClr
                0x10001364        0x4 C:/MaximSDK/Libraries/PeriphDrivers/bin/MAX78002/softfp/libPeriphDriver_softfp.a(gpio_reva.o)
                0x10001364                MXC_GPIO_RevA_OutClr
 .text.MXC_GPIO_RevA_ClearFlags
                0x10001368        0x4 C:/MaximSDK/Libraries/PeriphDrivers/bin/MAX78002/softfp/libPeriphDriver_softfp.a(gpio_reva.o)
                0x10001368                MXC_GPIO_RevA_ClearFlags
 .text.MXC_GPIO_RevA_GetFlags
                0x1000136c        0x4 C:/MaximSDK/Libraries/PeriphDrivers/bin/MAX78002/softfp/libPeriphDriver_softfp.a(gpio_reva.o)
                0x1000136c                MXC_GPIO_RevA_GetFlags
 .text.MXC_GPIO_RevA_SetVSSEL
                0x10001370       0x30 C:/MaximSDK/Libraries/PeriphDrivers/bin/MAX78002/softfp/libPeriphDriver_softfp.a(gpio_reva.o)
                0x10001370                MXC_GPIO_RevA_SetVSSEL
 .text.MXC_GPIO_RevA_SetAF
                0x100013a0       0x6c C:/MaximSDK/Libraries/PeriphDrivers/bin/MAX78002/softfp/libPeriphDriver_softfp.a(gpio_reva.o)
                0x100013a0                MXC_GPIO_RevA_SetAF
 .text.MXC_GPIO_RevA_SetDriveStrength
                0x1000140c       0x74 C:/MaximSDK/Libraries/PeriphDrivers/bin/MAX78002/softfp/libPeriphDriver_softfp.a(gpio_reva.o)
                0x1000140c                MXC_GPIO_RevA_SetDriveStrength
 .text.MXC_SPI_Init
                0x10001480      0x234 C:/MaximSDK/Libraries/PeriphDrivers/bin/MAX78002/softfp/libPeriphDriver_softfp.a(spi_ai87.o)
                0x10001480                MXC_SPI_Init
 .text.MXC_SPI_GetPeripheralClock
                0x100016b4       0x70 C:/MaximSDK/Libraries/PeriphDrivers/bin/MAX78002/softfp/libPeriphDriver_softfp.a(spi_ai87.o)
                0x100016b4                MXC_SPI_GetPeripheralClock
 .text.MXC_SPI_SetFrequency
                0x10001724        0x4 C:/MaximSDK/Libraries/PeriphDrivers/bin/MAX78002/softfp/libPeriphDriver_softfp.a(spi_ai87.o)
                0x10001724                MXC_SPI_SetFrequency
 .text.MXC_SPI_SetDataSize
                0x10001728        0x4 C:/MaximSDK/Libraries/PeriphDrivers/bin/MAX78002/softfp/libPeriphDriver_softfp.a(spi_ai87.o)
                0x10001728                MXC_SPI_SetDataSize
 .text.MXC_SPI_SetWidth
                0x1000172c        0x4 C:/MaximSDK/Libraries/PeriphDrivers/bin/MAX78002/softfp/libPeriphDriver_softfp.a(spi_ai87.o)
                0x1000172c                MXC_SPI_SetWidth
 .text.MXC_SPI_RevA1_Init
                0x10001730       0xfc C:/MaximSDK/Libraries/PeriphDrivers/bin/MAX78002/softfp/libPeriphDriver_softfp.a(spi_reva1.o)
                0x10001730                MXC_SPI_RevA1_Init
 .text.MXC_SPI_RevA1_SetFrequency
                0x1000182c       0x94 C:/MaximSDK/Libraries/PeriphDrivers/bin/MAX78002/softfp/libPeriphDriver_softfp.a(spi_reva1.o)
                0x1000182c                MXC_SPI_RevA1_SetFrequency
 .text.MXC_SPI_RevA1_SetDataSize
                0x100018c0       0x80 C:/MaximSDK/Libraries/PeriphDrivers/bin/MAX78002/softfp/libPeriphDriver_softfp.a(spi_reva1.o)
                0x100018c0                MXC_SPI_RevA1_SetDataSize
 .text.MXC_SPI_RevA1_SetWidth
                0x10001940       0x40 C:/MaximSDK/Libraries/PeriphDrivers/bin/MAX78002/softfp/libPeriphDriver_softfp.a(spi_reva1.o)
                0x10001940                MXC_SPI_RevA1_SetWidth
 .text.MXC_UART_Shutdown
                0x10001980       0x70 C:/MaximSDK/Libraries/PeriphDrivers/bin/MAX78002/softfp/libPeriphDriver_softfp.a(uart_ai87.o)
                0x10001980                MXC_UART_Shutdown
 .text.MXC_UART_Init
                0x100019f0       0xb8 C:/MaximSDK/Libraries/PeriphDrivers/bin/MAX78002/softfp/libPeriphDriver_softfp.a(uart_ai87.o)
                0x100019f0                MXC_UART_Init
 .text.MXC_UART_SetFrequency
                0x10001aa8       0xd0 C:/MaximSDK/Libraries/PeriphDrivers/bin/MAX78002/softfp/libPeriphDriver_softfp.a(uart_ai87.o)
                0x10001aa8                MXC_UART_SetFrequency
 .text.MXC_UART_GetFrequency
                0x10001b78       0x5c C:/MaximSDK/Libraries/PeriphDrivers/bin/MAX78002/softfp/libPeriphDriver_softfp.a(uart_ai87.o)
                0x10001b78                MXC_UART_GetFrequency
 .text.MXC_UART_SetDataSize
                0x10001bd4        0x4 C:/MaximSDK/Libraries/PeriphDrivers/bin/MAX78002/softfp/libPeriphDriver_softfp.a(uart_ai87.o)
                0x10001bd4                MXC_UART_SetDataSize
 .text.MXC_UART_SetStopBits
                0x10001bd8        0x4 C:/MaximSDK/Libraries/PeriphDrivers/bin/MAX78002/softfp/libPeriphDriver_softfp.a(uart_ai87.o)
                0x10001bd8                MXC_UART_SetStopBits
 .text.MXC_UART_SetParity
                0x10001bdc        0x4 C:/MaximSDK/Libraries/PeriphDrivers/bin/MAX78002/softfp/libPeriphDriver_softfp.a(uart_ai87.o)
                0x10001bdc                MXC_UART_SetParity
 .text.MXC_UART_ReadCharacterRaw
                0x10001be0        0x4 C:/MaximSDK/Libraries/PeriphDrivers/bin/MAX78002/softfp/libPeriphDriver_softfp.a(uart_ai87.o)
                0x10001be0                MXC_UART_ReadCharacterRaw
 .text.MXC_UART_WriteCharacterRaw
                0x10001be4        0x4 C:/MaximSDK/Libraries/PeriphDrivers/bin/MAX78002/softfp/libPeriphDriver_softfp.a(uart_ai87.o)
                0x10001be4                MXC_UART_WriteCharacterRaw
 .text.MXC_UART_ReadCharacter
                0x10001be8        0x4 C:/MaximSDK/Libraries/PeriphDrivers/bin/MAX78002/softfp/libPeriphDriver_softfp.a(uart_ai87.o)
                0x10001be8                MXC_UART_ReadCharacter
 .text.MXC_UART_WriteCharacter
                0x10001bec        0x4 C:/MaximSDK/Libraries/PeriphDrivers/bin/MAX78002/softfp/libPeriphDriver_softfp.a(uart_ai87.o)
                0x10001bec                MXC_UART_WriteCharacter
 .text.MXC_UART_GetRXFIFOAvailable
                0x10001bf0        0x4 C:/MaximSDK/Libraries/PeriphDrivers/bin/MAX78002/softfp/libPeriphDriver_softfp.a(uart_ai87.o)
                0x10001bf0                MXC_UART_GetRXFIFOAvailable
 .text.MXC_UART_GetTXFIFOAvailable
                0x10001bf4        0x4 C:/MaximSDK/Libraries/PeriphDrivers/bin/MAX78002/softfp/libPeriphDriver_softfp.a(uart_ai87.o)
                0x10001bf4                MXC_UART_GetTXFIFOAvailable
 .text.MXC_UART_SetRXThreshold
                0x10001bf8        0x4 C:/MaximSDK/Libraries/PeriphDrivers/bin/MAX78002/softfp/libPeriphDriver_softfp.a(uart_ai87.o)
                0x10001bf8                MXC_UART_SetRXThreshold
 .text.MXC_UART_Common_ReadCharacter
                0x10001bfc       0x18 C:/MaximSDK/Libraries/PeriphDrivers/bin/MAX78002/softfp/libPeriphDriver_softfp.a(uart_common.o)
                0x10001bfc                MXC_UART_Common_ReadCharacter
 .text.MXC_UART_Common_WriteCharacter
                0x10001c14       0x1c C:/MaximSDK/Libraries/PeriphDrivers/bin/MAX78002/softfp/libPeriphDriver_softfp.a(uart_common.o)
                0x10001c14                MXC_UART_Common_WriteCharacter
 .text.MXC_UART_RevB_Init
                0x10001c30       0x70 C:/MaximSDK/Libraries/PeriphDrivers/bin/MAX78002/softfp/libPeriphDriver_softfp.a(uart_revb.o)
                0x10001c30                MXC_UART_RevB_Init
 .text.MXC_UART_RevB_SetFrequency
                0x10001ca0       0x9c C:/MaximSDK/Libraries/PeriphDrivers/bin/MAX78002/softfp/libPeriphDriver_softfp.a(uart_revb.o)
                0x10001ca0                MXC_UART_RevB_SetFrequency
 .text.MXC_UART_RevB_GetFrequency
                0x10001d3c       0x7c C:/MaximSDK/Libraries/PeriphDrivers/bin/MAX78002/softfp/libPeriphDriver_softfp.a(uart_revb.o)
                0x10001d3c                MXC_UART_RevB_GetFrequency
 .text.MXC_UART_RevB_SetDataSize
                0x10001db8       0x40 C:/MaximSDK/Libraries/PeriphDrivers/bin/MAX78002/softfp/libPeriphDriver_softfp.a(uart_revb.o)
                0x10001db8                MXC_UART_RevB_SetDataSize
 .text.MXC_UART_RevB_SetStopBits
                0x10001df8       0x4c C:/MaximSDK/Libraries/PeriphDrivers/bin/MAX78002/softfp/libPeriphDriver_softfp.a(uart_revb.o)
                0x10001df8                MXC_UART_RevB_SetStopBits
 .text.MXC_UART_RevB_SetParity
                0x10001e44       0xb4 C:/MaximSDK/Libraries/PeriphDrivers/bin/MAX78002/softfp/libPeriphDriver_softfp.a(uart_revb.o)
                0x10001e44                MXC_UART_RevB_SetParity
 .text.MXC_UART_RevB_ReadCharacterRaw
                0x10001ef8       0x38 C:/MaximSDK/Libraries/PeriphDrivers/bin/MAX78002/softfp/libPeriphDriver_softfp.a(uart_revb.o)
                0x10001ef8                MXC_UART_RevB_ReadCharacterRaw
 .text.MXC_UART_RevB_WriteCharacterRaw
                0x10001f30       0x3c C:/MaximSDK/Libraries/PeriphDrivers/bin/MAX78002/softfp/libPeriphDriver_softfp.a(uart_revb.o)
                0x10001f30                MXC_UART_RevB_WriteCharacterRaw
 .text.MXC_UART_RevB_GetRXFIFOAvailable
                0x10001f6c        0x8 C:/MaximSDK/Libraries/PeriphDrivers/bin/MAX78002/softfp/libPeriphDriver_softfp.a(uart_revb.o)
                0x10001f6c                MXC_UART_RevB_GetRXFIFOAvailable
 .text.MXC_UART_RevB_GetTXFIFOAvailable
                0x10001f74        0xc C:/MaximSDK/Libraries/PeriphDrivers/bin/MAX78002/softfp/libPeriphDriver_softfp.a(uart_revb.o)
                0x10001f74                MXC_UART_RevB_GetTXFIFOAvailable
 .text.MXC_UART_RevB_SetRXThreshold
                0x10001f80       0x40 C:/MaximSDK/Libraries/PeriphDrivers/bin/MAX78002/softfp/libPeriphDriver_softfp.a(uart_revb.o)
                0x10001f80                MXC_UART_RevB_SetRXThreshold
 .text.MXC_GPIO_Common_Init
                0x10001fc0       0x24 C:/MaximSDK/Libraries/PeriphDrivers/bin/MAX78002/softfp/libPeriphDriver_softfp.a(gpio_common.o)
                0x10001fc0                MXC_GPIO_Common_Init
 .text.MXC_GPIO_Common_Handler
                0x10001fe4       0x88 C:/MaximSDK/Libraries/PeriphDrivers/bin/MAX78002/softfp/libPeriphDriver_softfp.a(gpio_common.o)
                0x10001fe4                MXC_GPIO_Common_Handler
 .text.__errno  0x1000206c        0xc c:/maximsdk/tools/gnutools/10.3/bin/../lib/gcc/arm-none-eabi/10.3.1/../../../../arm-none-eabi/lib/thumb/v7e-m+fp/softfp\libc.a(lib_a-errno.o)
                0x1000206c                __errno
 .text.__libc_init_array
                0x10002078       0x48 c:/maximsdk/tools/gnutools/10.3/bin/../lib/gcc/arm-none-eabi/10.3.1/../../../../arm-none-eabi/lib/thumb/v7e-m+fp/softfp\libc.a(lib_a-init.o)
                0x10002078                __libc_init_array
 .text._malloc_r
                0x100020c0      0x560 c:/maximsdk/tools/gnutools/10.3/bin/../lib/gcc/arm-none-eabi/10.3.1/../../../../arm-none-eabi/lib/thumb/v7e-m+fp/softfp\libc.a(lib_a-mallocr.o)
                0x100020c0                _malloc_r
 .text          0x10002620      0x134 c:/maximsdk/tools/gnutools/10.3/bin/../lib/gcc/arm-none-eabi/10.3.1/../../../../arm-none-eabi/lib/thumb/v7e-m+fp/softfp\libc.a(lib_a-memcpy.o)
                0x10002620                memcpy
 .text.memset   0x10002754       0xa4 c:/maximsdk/tools/gnutools/10.3/bin/../lib/gcc/arm-none-eabi/10.3.1/../../../../arm-none-eabi/lib/thumb/v7e-m+fp/softfp\libc.a(lib_a-memset.o)
                0x10002754                memset
 .text.__malloc_lock
                0x100027f8        0xc c:/maximsdk/tools/gnutools/10.3/bin/../lib/gcc/arm-none-eabi/10.3.1/../../../../arm-none-eabi/lib/thumb/v7e-m+fp/softfp\libc.a(lib_a-mlock.o)
                0x100027f8                __malloc_lock
 .text.__malloc_unlock
                0x10002804        0xc c:/maximsdk/tools/gnutools/10.3/bin/../lib/gcc/arm-none-eabi/10.3.1/../../../../arm-none-eabi/lib/thumb/v7e-m+fp/softfp\libc.a(lib_a-mlock.o)
                0x10002804                __malloc_unlock
 .text.printf   0x10002810       0x28 c:/maximsdk/tools/gnutools/10.3/bin/../lib/gcc/arm-none-eabi/10.3.1/../../../../arm-none-eabi/lib/thumb/v7e-m+fp/softfp\libc.a(lib_a-printf.o)
                0x10002810                printf
 .text._puts_r  0x10002838       0x9c c:/maximsdk/tools/gnutools/10.3/bin/../lib/gcc/arm-none-eabi/10.3.1/../../../../arm-none-eabi/lib/thumb/v7e-m+fp/softfp\libc.a(lib_a-puts.o)
                0x10002838                _puts_r
 .text.puts     0x100028d4       0x10 c:/maximsdk/tools/gnutools/10.3/bin/../lib/gcc/arm-none-eabi/10.3.1/../../../../arm-none-eabi/lib/thumb/v7e-m+fp/softfp\libc.a(lib_a-puts.o)
                0x100028d4                puts
 .text._sbrk_r  0x100028e4       0x24 c:/maximsdk/tools/gnutools/10.3/bin/../lib/gcc/arm-none-eabi/10.3.1/../../../../arm-none-eabi/lib/thumb/v7e-m+fp/softfp\libc.a(lib_a-sbrkr.o)
                0x100028e4                _sbrk_r
 *fill*         0x10002908       0x38 
 .text          0x10002940       0xdc c:/maximsdk/tools/gnutools/10.3/bin/../lib/gcc/arm-none-eabi/10.3.1/../../../../arm-none-eabi/lib/thumb/v7e-m+fp/softfp\libc.a(lib_a-strlen.o)
                0x10002940                strlen
 *fill*         0x10002a1c        0x4 
 .text._vfprintf_r
                0x10002a20     0x1b8c c:/maximsdk/tools/gnutools/10.3/bin/../lib/gcc/arm-none-eabi/10.3.1/../../../../arm-none-eabi/lib/thumb/v7e-m+fp/softfp\libc.a(lib_a-vfprintf.o)
                0x10002a20                _vfprintf_r
 .text.__sbprintf
                0x100045ac       0x80 c:/maximsdk/tools/gnutools/10.3/bin/../lib/gcc/arm-none-eabi/10.3.1/../../../../arm-none-eabi/lib/thumb/v7e-m+fp/softfp\libc.a(lib_a-vfprintf.o)
 .text.__swsetup_r
                0x1000462c       0xd4 c:/maximsdk/tools/gnutools/10.3/bin/../lib/gcc/arm-none-eabi/10.3.1/../../../../arm-none-eabi/lib/thumb/v7e-m+fp/softfp\libc.a(lib_a-wsetup.o)
                0x1000462c                __swsetup_r
 .text.startup.register_fini
                0x10004700       0x14 c:/maximsdk/tools/gnutools/10.3/bin/../lib/gcc/arm-none-eabi/10.3.1/../../../../arm-none-eabi/lib/thumb/v7e-m+fp/softfp\libc.a(lib_a-__call_atexit.o)
 .text.atexit   0x10004714        0xc c:/maximsdk/tools/gnutools/10.3/bin/../lib/gcc/arm-none-eabi/10.3.1/../../../../arm-none-eabi/lib/thumb/v7e-m+fp/softfp\libc.a(lib_a-atexit.o)
                0x10004714                atexit
 .text.quorem   0x10004720      0x128 c:/maximsdk/tools/gnutools/10.3/bin/../lib/gcc/arm-none-eabi/10.3.1/../../../../arm-none-eabi/lib/thumb/v7e-m+fp/softfp\libc.a(lib_a-dtoa.o)
 .text._dtoa_r  0x10004848      0xf34 c:/maximsdk/tools/gnutools/10.3/bin/../lib/gcc/arm-none-eabi/10.3.1/../../../../arm-none-eabi/lib/thumb/v7e-m+fp/softfp\libc.a(lib_a-dtoa.o)
                0x10004848                _dtoa_r
 .text.__sflush_r
                0x1000577c      0x130 c:/maximsdk/tools/gnutools/10.3/bin/../lib/gcc/arm-none-eabi/10.3.1/../../../../arm-none-eabi/lib/thumb/v7e-m+fp/softfp\libc.a(lib_a-fflush.o)
                0x1000577c                __sflush_r
 .text._fflush_r
                0x100058ac       0x5c c:/maximsdk/tools/gnutools/10.3/bin/../lib/gcc/arm-none-eabi/10.3.1/../../../../arm-none-eabi/lib/thumb/v7e-m+fp/softfp\libc.a(lib_a-fflush.o)
                0x100058ac                _fflush_r
 .text._cleanup_r
                0x10005908        0xc c:/maximsdk/tools/gnutools/10.3/bin/../lib/gcc/arm-none-eabi/10.3.1/../../../../arm-none-eabi/lib/thumb/v7e-m+fp/softfp\libc.a(lib_a-findfp.o)
                0x10005908                _cleanup_r
 .text.__sinit  0x10005914      0x10c c:/maximsdk/tools/gnutools/10.3/bin/../lib/gcc/arm-none-eabi/10.3.1/../../../../arm-none-eabi/lib/thumb/v7e-m+fp/softfp\libc.a(lib_a-findfp.o)
                0x10005914                __sinit
 .text.__sfp_lock_acquire
                0x10005a20        0xc c:/maximsdk/tools/gnutools/10.3/bin/../lib/gcc/arm-none-eabi/10.3.1/../../../../arm-none-eabi/lib/thumb/v7e-m+fp/softfp\libc.a(lib_a-findfp.o)
                0x10005a20                __sfp_lock_acquire
 .text.__sfp_lock_release
                0x10005a2c        0xc c:/maximsdk/tools/gnutools/10.3/bin/../lib/gcc/arm-none-eabi/10.3.1/../../../../arm-none-eabi/lib/thumb/v7e-m+fp/softfp\libc.a(lib_a-findfp.o)
                0x10005a2c                __sfp_lock_release
 .text.__libc_fini_array
                0x10005a38       0x2c c:/maximsdk/tools/gnutools/10.3/bin/../lib/gcc/arm-none-eabi/10.3.1/../../../../arm-none-eabi/lib/thumb/v7e-m+fp/softfp\libc.a(lib_a-fini.o)
                0x10005a38                __libc_fini_array
 .text._malloc_trim_r
                0x10005a64       0xa0 c:/maximsdk/tools/gnutools/10.3/bin/../lib/gcc/arm-none-eabi/10.3.1/../../../../arm-none-eabi/lib/thumb/v7e-m+fp/softfp\libc.a(lib_a-freer.o)
                0x10005a64                _malloc_trim_r
 .text._free_r  0x10005b04      0x20c c:/maximsdk/tools/gnutools/10.3/bin/../lib/gcc/arm-none-eabi/10.3.1/../../../../arm-none-eabi/lib/thumb/v7e-m+fp/softfp\libc.a(lib_a-freer.o)
                0x10005b04                _free_r
 .text.__sfvwrite_r
                0x10005d10      0x2f0 c:/maximsdk/tools/gnutools/10.3/bin/../lib/gcc/arm-none-eabi/10.3.1/../../../../arm-none-eabi/lib/thumb/v7e-m+fp/softfp\libc.a(lib_a-fvwrite.o)
                0x10005d10                __sfvwrite_r
 .text._fwalk_reent
                0x10006000       0x48 c:/maximsdk/tools/gnutools/10.3/bin/../lib/gcc/arm-none-eabi/10.3.1/../../../../arm-none-eabi/lib/thumb/v7e-m+fp/softfp\libc.a(lib_a-fwalk.o)
                0x10006000                _fwalk_reent
 .text._localeconv_r
                0x10006048        0x8 c:/maximsdk/tools/gnutools/10.3/bin/../lib/gcc/arm-none-eabi/10.3.1/../../../../arm-none-eabi/lib/thumb/v7e-m+fp/softfp\libc.a(lib_a-localeconv.o)
                0x10006048                _localeconv_r
 .text.__retarget_lock_init_recursive
                0x10006050        0x4 c:/maximsdk/tools/gnutools/10.3/bin/../lib/gcc/arm-none-eabi/10.3.1/../../../../arm-none-eabi/lib/thumb/v7e-m+fp/softfp\libc.a(lib_a-lock.o)
                0x10006050                __retarget_lock_init_recursive
 .text.__retarget_lock_close_recursive
                0x10006054        0x4 c:/maximsdk/tools/gnutools/10.3/bin/../lib/gcc/arm-none-eabi/10.3.1/../../../../arm-none-eabi/lib/thumb/v7e-m+fp/softfp\libc.a(lib_a-lock.o)
                0x10006054                __retarget_lock_close_recursive
 .text.__retarget_lock_acquire_recursive
                0x10006058        0x4 c:/maximsdk/tools/gnutools/10.3/bin/../lib/gcc/arm-none-eabi/10.3.1/../../../../arm-none-eabi/lib/thumb/v7e-m+fp/softfp\libc.a(lib_a-lock.o)
                0x10006058                __retarget_lock_acquire_recursive
 .text.__retarget_lock_release_recursive
                0x1000605c        0x4 c:/maximsdk/tools/gnutools/10.3/bin/../lib/gcc/arm-none-eabi/10.3.1/../../../../arm-none-eabi/lib/thumb/v7e-m+fp/softfp\libc.a(lib_a-lock.o)
                0x1000605c                __retarget_lock_release_recursive
 .text.__smakebuf_r
                0x10006060       0xe0 c:/maximsdk/tools/gnutools/10.3/bin/../lib/gcc/arm-none-eabi/10.3.1/../../../../arm-none-eabi/lib/thumb/v7e-m+fp/softfp\libc.a(lib_a-makebuf.o)
                0x10006060                __smakebuf_r
 .text          0x10006140       0xa0 c:/maximsdk/tools/gnutools/10.3/bin/../lib/gcc/arm-none-eabi/10.3.1/../../../../arm-none-eabi/lib/thumb/v7e-m+fp/softfp\libc.a(lib_a-memchr.o)
                0x10006140                memchr
 .text.memmove  0x100061e0       0xf8 c:/maximsdk/tools/gnutools/10.3/bin/../lib/gcc/arm-none-eabi/10.3.1/../../../../arm-none-eabi/lib/thumb/v7e-m+fp/softfp\libc.a(lib_a-memmove.o)
                0x100061e0                memmove
 .text._Balloc  0x100062d8       0x4c c:/maximsdk/tools/gnutools/10.3/bin/../lib/gcc/arm-none-eabi/10.3.1/../../../../arm-none-eabi/lib/thumb/v7e-m+fp/softfp\libc.a(lib_a-mprec.o)
                0x100062d8                _Balloc
 .text._Bfree   0x10006324       0x14 c:/maximsdk/tools/gnutools/10.3/bin/../lib/gcc/arm-none-eabi/10.3.1/../../../../arm-none-eabi/lib/thumb/v7e-m+fp/softfp\libc.a(lib_a-mprec.o)
                0x10006324                _Bfree
 .text.__multadd
                0x10006338       0xa8 c:/maximsdk/tools/gnutools/10.3/bin/../lib/gcc/arm-none-eabi/10.3.1/../../../../arm-none-eabi/lib/thumb/v7e-m+fp/softfp\libc.a(lib_a-mprec.o)
                0x10006338                __multadd
 .text.__hi0bits
                0x100063e0       0x40 c:/maximsdk/tools/gnutools/10.3/bin/../lib/gcc/arm-none-eabi/10.3.1/../../../../arm-none-eabi/lib/thumb/v7e-m+fp/softfp\libc.a(lib_a-mprec.o)
                0x100063e0                __hi0bits
 .text.__lo0bits
                0x10006420       0x60 c:/maximsdk/tools/gnutools/10.3/bin/../lib/gcc/arm-none-eabi/10.3.1/../../../../arm-none-eabi/lib/thumb/v7e-m+fp/softfp\libc.a(lib_a-mprec.o)
                0x10006420                __lo0bits
 .text.__i2b    0x10006480       0x5c c:/maximsdk/tools/gnutools/10.3/bin/../lib/gcc/arm-none-eabi/10.3.1/../../../../arm-none-eabi/lib/thumb/v7e-m+fp/softfp\libc.a(lib_a-mprec.o)
                0x10006480                __i2b
 .text.__multiply
                0x100064dc      0x15c c:/maximsdk/tools/gnutools/10.3/bin/../lib/gcc/arm-none-eabi/10.3.1/../../../../arm-none-eabi/lib/thumb/v7e-m+fp/softfp\libc.a(lib_a-mprec.o)
                0x100064dc                __multiply
 .text.__pow5mult
                0x10006638       0xc0 c:/maximsdk/tools/gnutools/10.3/bin/../lib/gcc/arm-none-eabi/10.3.1/../../../../arm-none-eabi/lib/thumb/v7e-m+fp/softfp\libc.a(lib_a-mprec.o)
                0x10006638                __pow5mult
 .text.__lshift
                0x100066f8       0xf0 c:/maximsdk/tools/gnutools/10.3/bin/../lib/gcc/arm-none-eabi/10.3.1/../../../../arm-none-eabi/lib/thumb/v7e-m+fp/softfp\libc.a(lib_a-mprec.o)
                0x100066f8                __lshift
 .text.__mcmp   0x100067e8       0x44 c:/maximsdk/tools/gnutools/10.3/bin/../lib/gcc/arm-none-eabi/10.3.1/../../../../arm-none-eabi/lib/thumb/v7e-m+fp/softfp\libc.a(lib_a-mprec.o)
                0x100067e8                __mcmp
 .text.__mdiff  0x1000682c      0x14c c:/maximsdk/tools/gnutools/10.3/bin/../lib/gcc/arm-none-eabi/10.3.1/../../../../arm-none-eabi/lib/thumb/v7e-m+fp/softfp\libc.a(lib_a-mprec.o)
                0x1000682c                __mdiff
 .text.__d2b    0x10006978       0xc4 c:/maximsdk/tools/gnutools/10.3/bin/../lib/gcc/arm-none-eabi/10.3.1/../../../../arm-none-eabi/lib/thumb/v7e-m+fp/softfp\libc.a(lib_a-mprec.o)
                0x10006978                __d2b
 .text._realloc_r
                0x10006a3c      0x3d8 c:/maximsdk/tools/gnutools/10.3/bin/../lib/gcc/arm-none-eabi/10.3.1/../../../../arm-none-eabi/lib/thumb/v7e-m+fp/softfp\libc.a(lib_a-reallocr.o)
                0x10006a3c                _realloc_r
 .text.frexp    0x10006e14       0x70 c:/maximsdk/tools/gnutools/10.3/bin/../lib/gcc/arm-none-eabi/10.3.1/../../../../arm-none-eabi/lib/thumb/v7e-m+fp/softfp\libc.a(lib_a-s_frexp.o)
                0x10006e14                frexp
 .text.__sread  0x10006e84       0x24 c:/maximsdk/tools/gnutools/10.3/bin/../lib/gcc/arm-none-eabi/10.3.1/../../../../arm-none-eabi/lib/thumb/v7e-m+fp/softfp\libc.a(lib_a-stdio.o)
                0x10006e84                __sread
 .text.__swrite
                0x10006ea8       0x40 c:/maximsdk/tools/gnutools/10.3/bin/../lib/gcc/arm-none-eabi/10.3.1/../../../../arm-none-eabi/lib/thumb/v7e-m+fp/softfp\libc.a(lib_a-stdio.o)
                0x10006ea8                __swrite
 .text.__sseek  0x10006ee8       0x20 c:/maximsdk/tools/gnutools/10.3/bin/../lib/gcc/arm-none-eabi/10.3.1/../../../../arm-none-eabi/lib/thumb/v7e-m+fp/softfp\libc.a(lib_a-stdio.o)
                0x10006ee8                __sseek
 .text.__sclose
                0x10006f08        0x8 c:/maximsdk/tools/gnutools/10.3/bin/../lib/gcc/arm-none-eabi/10.3.1/../../../../arm-none-eabi/lib/thumb/v7e-m+fp/softfp\libc.a(lib_a-stdio.o)
                0x10006f08                __sclose
 .text.strncpy  0x10006f10       0x64 c:/maximsdk/tools/gnutools/10.3/bin/../lib/gcc/arm-none-eabi/10.3.1/../../../../arm-none-eabi/lib/thumb/v7e-m+fp/softfp\libc.a(lib_a-strncpy.o)
                0x10006f10                strncpy
 .text.__sprint_r.part.0
                0x10006f74       0x78 c:/maximsdk/tools/gnutools/10.3/bin/../lib/gcc/arm-none-eabi/10.3.1/../../../../arm-none-eabi/lib/thumb/v7e-m+fp/softfp\libc.a(lib_a-vfiprintf.o)
 .text.__sprint_r
                0x10006fec       0x18 c:/maximsdk/tools/gnutools/10.3/bin/../lib/gcc/arm-none-eabi/10.3.1/../../../../arm-none-eabi/lib/thumb/v7e-m+fp/softfp\libc.a(lib_a-vfiprintf.o)
                0x10006fec                __sprint_r
 .text._vfiprintf_r
                0x10007004      0xdfc c:/maximsdk/tools/gnutools/10.3/bin/../lib/gcc/arm-none-eabi/10.3.1/../../../../arm-none-eabi/lib/thumb/v7e-m+fp/softfp\libc.a(lib_a-vfiprintf.o)
                0x10007004                _vfiprintf_r
 .text.__sbprintf
                0x10007e00       0x80 c:/maximsdk/tools/gnutools/10.3/bin/../lib/gcc/arm-none-eabi/10.3.1/../../../../arm-none-eabi/lib/thumb/v7e-m+fp/softfp\libc.a(lib_a-vfiprintf.o)
 .text._write_r
                0x10007e80       0x2c c:/maximsdk/tools/gnutools/10.3/bin/../lib/gcc/arm-none-eabi/10.3.1/../../../../arm-none-eabi/lib/thumb/v7e-m+fp/softfp\libc.a(lib_a-writer.o)
                0x10007e80                _write_r
 .text.__register_exitproc
                0x10007eac       0x8c c:/maximsdk/tools/gnutools/10.3/bin/../lib/gcc/arm-none-eabi/10.3.1/../../../../arm-none-eabi/lib/thumb/v7e-m+fp/softfp\libc.a(lib_a-__atexit.o)
                0x10007eac                __register_exitproc
 .text.__assert_func
                0x10007f38       0x40 c:/maximsdk/tools/gnutools/10.3/bin/../lib/gcc/arm-none-eabi/10.3.1/../../../../arm-none-eabi/lib/thumb/v7e-m+fp/softfp\libc.a(lib_a-assert.o)
                0x10007f38                __assert_func
 .text._calloc_r
                0x10007f78       0x78 c:/maximsdk/tools/gnutools/10.3/bin/../lib/gcc/arm-none-eabi/10.3.1/../../../../arm-none-eabi/lib/thumb/v7e-m+fp/softfp\libc.a(lib_a-callocr.o)
                0x10007f78                _calloc_r
 .text._close_r
                0x10007ff0       0x24 c:/maximsdk/tools/gnutools/10.3/bin/../lib/gcc/arm-none-eabi/10.3.1/../../../../arm-none-eabi/lib/thumb/v7e-m+fp/softfp\libc.a(lib_a-closer.o)
                0x10007ff0                _close_r
 .text._fclose_r
                0x10008014       0xcc c:/maximsdk/tools/gnutools/10.3/bin/../lib/gcc/arm-none-eabi/10.3.1/../../../../arm-none-eabi/lib/thumb/v7e-m+fp/softfp\libc.a(lib_a-fclose.o)
                0x10008014                _fclose_r
 .text.fiprintf
                0x100080e0       0x28 c:/maximsdk/tools/gnutools/10.3/bin/../lib/gcc/arm-none-eabi/10.3.1/../../../../arm-none-eabi/lib/thumb/v7e-m+fp/softfp\libc.a(lib_a-fiprintf.o)
                0x100080e0                fiprintf
 .text.__fputwc
                0x10008108       0xa8 c:/maximsdk/tools/gnutools/10.3/bin/../lib/gcc/arm-none-eabi/10.3.1/../../../../arm-none-eabi/lib/thumb/v7e-m+fp/softfp\libc.a(lib_a-fputwc.o)
                0x10008108                __fputwc
 .text._fputwc_r
                0x100081b0       0x68 c:/maximsdk/tools/gnutools/10.3/bin/../lib/gcc/arm-none-eabi/10.3.1/../../../../arm-none-eabi/lib/thumb/v7e-m+fp/softfp\libc.a(lib_a-fputwc.o)
                0x100081b0                _fputwc_r
 .text._fstat_r
                0x10008218       0x2c c:/maximsdk/tools/gnutools/10.3/bin/../lib/gcc/arm-none-eabi/10.3.1/../../../../arm-none-eabi/lib/thumb/v7e-m+fp/softfp\libc.a(lib_a-fstatr.o)
                0x10008218                _fstat_r
 .text._isatty_r
                0x10008244       0x24 c:/maximsdk/tools/gnutools/10.3/bin/../lib/gcc/arm-none-eabi/10.3.1/../../../../arm-none-eabi/lib/thumb/v7e-m+fp/softfp\libc.a(lib_a-isattyr.o)
                0x10008244                _isatty_r
 .text.__locale_mb_cur_max
                0x10008268        0xc c:/maximsdk/tools/gnutools/10.3/bin/../lib/gcc/arm-none-eabi/10.3.1/../../../../arm-none-eabi/lib/thumb/v7e-m+fp/softfp\libc.a(lib_a-locale.o)
                0x10008268                __locale_mb_cur_max
 .text._lseek_r
                0x10008274       0x2c c:/maximsdk/tools/gnutools/10.3/bin/../lib/gcc/arm-none-eabi/10.3.1/../../../../arm-none-eabi/lib/thumb/v7e-m+fp/softfp\libc.a(lib_a-lseekr.o)
                0x10008274                _lseek_r
 .text.__ascii_mbtowc
                0x100082a0       0x2c c:/maximsdk/tools/gnutools/10.3/bin/../lib/gcc/arm-none-eabi/10.3.1/../../../../arm-none-eabi/lib/thumb/v7e-m+fp/softfp\libc.a(lib_a-mbtowc_r.o)
                0x100082a0                __ascii_mbtowc
 .text._read_r  0x100082cc       0x2c c:/maximsdk/tools/gnutools/10.3/bin/../lib/gcc/arm-none-eabi/10.3.1/../../../../arm-none-eabi/lib/thumb/v7e-m+fp/softfp\libc.a(lib_a-readr.o)
                0x100082cc                _read_r
 .text.__swbuf_r
                0x100082f8       0xb0 c:/maximsdk/tools/gnutools/10.3/bin/../lib/gcc/arm-none-eabi/10.3.1/../../../../arm-none-eabi/lib/thumb/v7e-m+fp/softfp\libc.a(lib_a-wbuf.o)
                0x100082f8                __swbuf_r
 .text._wcrtomb_r
                0x100083a8       0x3c c:/maximsdk/tools/gnutools/10.3/bin/../lib/gcc/arm-none-eabi/10.3.1/../../../../arm-none-eabi/lib/thumb/v7e-m+fp/softfp\libc.a(lib_a-wcrtomb.o)
                0x100083a8                _wcrtomb_r
 .text.__ascii_wctomb
                0x100083e4       0x1c c:/maximsdk/tools/gnutools/10.3/bin/../lib/gcc/arm-none-eabi/10.3.1/../../../../arm-none-eabi/lib/thumb/v7e-m+fp/softfp\libc.a(lib_a-wctomb_r.o)
                0x100083e4                __ascii_wctomb
 .text.abort    0x10008400       0x10 c:/maximsdk/tools/gnutools/10.3/bin/../lib/gcc/arm-none-eabi/10.3.1/../../../../arm-none-eabi/lib/thumb/v7e-m+fp/softfp\libc.a(lib_a-abort.o)
                0x10008400                abort
 .text.raise    0x10008410       0x5c c:/maximsdk/tools/gnutools/10.3/bin/../lib/gcc/arm-none-eabi/10.3.1/../../../../arm-none-eabi/lib/thumb/v7e-m+fp/softfp\libc.a(lib_a-signal.o)
                0x10008410                raise
 .text._kill_r  0x1000846c       0x2c c:/maximsdk/tools/gnutools/10.3/bin/../lib/gcc/arm-none-eabi/10.3.1/../../../../arm-none-eabi/lib/thumb/v7e-m+fp/softfp\libc.a(lib_a-signalr.o)
                0x1000846c                _kill_r
 .text._getpid_r
                0x10008498        0x4 c:/maximsdk/tools/gnutools/10.3/bin/../lib/gcc/arm-none-eabi/10.3.1/../../../../arm-none-eabi/lib/thumb/v7e-m+fp/softfp\libc.a(lib_a-signalr.o)
                0x10008498                _getpid_r
 .text._exit    0x1000849c        0x4 c:/maximsdk/tools/gnutools/10.3/bin/../lib/gcc/arm-none-eabi/10.3.1/../../../../arm-none-eabi/lib/thumb/v7e-m+fp/softfp\libnosys.a(_exit.o)
                0x1000849c                _exit
 .text          0x100084a0      0x378 c:/maximsdk/tools/gnutools/10.3/bin/../lib/gcc/arm-none-eabi/10.3.1/thumb/v7e-m+fp/softfp\libgcc.a(_arm_addsubdf3.o)
                0x100084a0                __aeabi_drsub
                0x100084a8                __aeabi_dsub
                0x100084a8                __subdf3
                0x100084ac                __aeabi_dadd
                0x100084ac                __adddf3
                0x10008724                __floatunsidf
                0x10008724                __aeabi_ui2d
                0x10008744                __floatsidf
                0x10008744                __aeabi_i2d
                0x10008768                __aeabi_f2d
                0x10008768                __extendsfdf2
                0x100087ac                __floatundidf
                0x100087ac                __aeabi_ul2d
                0x100087bc                __floatdidf
                0x100087bc                __aeabi_l2d
 .text          0x10008818      0x424 c:/maximsdk/tools/gnutools/10.3/bin/../lib/gcc/arm-none-eabi/10.3.1/thumb/v7e-m+fp/softfp\libgcc.a(_arm_muldivdf3.o)
                0x10008818                __aeabi_dmul
                0x10008818                __muldf3
                0x10008a6c                __divdf3
                0x10008a6c                __aeabi_ddiv
 .text          0x10008c3c      0x110 c:/maximsdk/tools/gnutools/10.3/bin/../lib/gcc/arm-none-eabi/10.3.1/thumb/v7e-m+fp/softfp\libgcc.a(_arm_cmpdf2.o)
                0x10008c3c                __gtdf2
                0x10008c3c                __gedf2
                0x10008c44                __ltdf2
                0x10008c44                __ledf2
                0x10008c4c                __nedf2
                0x10008c4c                __eqdf2
                0x10008c4c                __cmpdf2
                0x10008cc8                __aeabi_cdrcmple
                0x10008cd8                __aeabi_cdcmpeq
                0x10008cd8                __aeabi_cdcmple
                0x10008ce8                __aeabi_dcmpeq
                0x10008cfc                __aeabi_dcmplt
                0x10008d10                __aeabi_dcmple
                0x10008d24                __aeabi_dcmpge
                0x10008d38                __aeabi_dcmpgt
 .text          0x10008d4c       0x2c c:/maximsdk/tools/gnutools/10.3/bin/../lib/gcc/arm-none-eabi/10.3.1/thumb/v7e-m+fp/softfp\libgcc.a(_arm_unorddf2.o)
                0x10008d4c                __unorddf2
                0x10008d4c                __aeabi_dcmpun
 .text          0x10008d78       0x50 c:/maximsdk/tools/gnutools/10.3/bin/../lib/gcc/arm-none-eabi/10.3.1/thumb/v7e-m+fp/softfp\libgcc.a(_arm_fixdfsi.o)
                0x10008d78                __aeabi_d2iz
                0x10008d78                __fixdfsi
 .text          0x10008dc8       0x30 c:/maximsdk/tools/gnutools/10.3/bin/../lib/gcc/arm-none-eabi/10.3.1/thumb/v7e-m+fp/softfp\libgcc.a(_aeabi_uldivmod.o)
                0x10008dc8                __aeabi_uldivmod
 .text          0x10008df8      0x2d0 c:/maximsdk/tools/gnutools/10.3/bin/../lib/gcc/arm-none-eabi/10.3.1/thumb/v7e-m+fp/softfp\libgcc.a(_udivmoddi4.o)
                0x10008df8                __udivmoddi4
 .text          0x100090c8        0x4 c:/maximsdk/tools/gnutools/10.3/bin/../lib/gcc/arm-none-eabi/10.3.1/thumb/v7e-m+fp/softfp\libgcc.a(_dvmd_tls.o)
                0x100090c8                __aeabi_idiv0
                0x100090c8                __aeabi_ldiv0
 *(.rodata*)
 .rodata.main.str1.4
                0x100090cc       0xa0 d:/Hello_World/build/main.o
 .rodata.mxc_assert.str1.4
                0x1000916c       0x19 d:/Hello_World/build/board.o
 *fill*         0x10009185        0x3 
 .rodata.Board_Init.str1.4
                0x10009188       0x45 d:/Hello_World/build/board.o
 *fill*         0x100091cd        0x3 
 .rodata.led_pin
                0x100091d0       0x18 d:/Hello_World/build/board.o
                0x100091d0                led_pin
 .rodata.num_leds
                0x100091e8        0x4 d:/Hello_World/build/board.o
                0x100091e8                num_leds
 .rodata.num_pbs
                0x100091ec        0x4 d:/Hello_World/build/board.o
                0x100091ec                num_pbs
 .rodata.pb_pin
                0x100091f0       0x18 d:/Hello_World/build/board.o
                0x100091f0                pb_pin
 .rodata.tft_dc_pin
                0x10009208        0xc d:/Hello_World/build/board.o
                0x10009208                tft_dc_pin
 .rodata.tft_ss_pin
                0x10009214        0xc d:/Hello_World/build/board.o
                0x10009214                tft_ss_pin
 .rodata.ts_ss_pin
                0x10009220        0xc d:/Hello_World/build/board.o
                0x10009220                ts_ss_pin
 .rodata.LED_On.str1.4
                0x1000922c       0x3b d:/Hello_World/build/led.o
 *fill*         0x10009267        0x1 
 .rodata.str1.4
                0x10009268       0x33 d:/Hello_World/build/tft_st7789v.o
 *fill*         0x1000929b        0x1 
 .rodata        0x1000929c       0x31 d:/Hello_World/build/tft_st7789v.o
 *fill*         0x100092cd        0x3 
 .rodata.cmds.0
                0x100092d0       0x98 d:/Hello_World/build/tft_st7789v.o
 .rodata.gpio_cfg_uart0
                0x10009368        0xc C:/MaximSDK/Libraries/PeriphDrivers/bin/MAX78002/softfp/libPeriphDriver_softfp.a(pins_ai87.o)
                0x10009368                gpio_cfg_uart0
 .rodata.gpio_cfg_uart1
                0x10009374        0xc C:/MaximSDK/Libraries/PeriphDrivers/bin/MAX78002/softfp/libPeriphDriver_softfp.a(pins_ai87.o)
                0x10009374                gpio_cfg_uart1
 .rodata.gpio_cfg_uart2
                0x10009380        0xc C:/MaximSDK/Libraries/PeriphDrivers/bin/MAX78002/softfp/libPeriphDriver_softfp.a(pins_ai87.o)
                0x10009380                gpio_cfg_uart2
 .rodata.gpio_cfg_uart3
                0x1000938c        0xc C:/MaximSDK/Libraries/PeriphDrivers/bin/MAX78002/softfp/libPeriphDriver_softfp.a(pins_ai87.o)
                0x1000938c                gpio_cfg_uart3
 .rodata.MXC_SPI_Init.str1.4
                0x10009398       0x51 C:/MaximSDK/Libraries/PeriphDrivers/bin/MAX78002/softfp/libPeriphDriver_softfp.a(spi_ai87.o)
 *fill*         0x100093e9        0x3 
 .rodata.MXC_GPIO_Common_Handler.str1.4
                0x100093ec       0x66 C:/MaximSDK/Libraries/PeriphDrivers/bin/MAX78002/softfp/libPeriphDriver_softfp.a(gpio_common.o)
 *fill*         0x10009452        0x2 
 .rodata._global_impure_ptr
                0x10009454        0x4 c:/maximsdk/tools/gnutools/10.3/bin/../lib/gcc/arm-none-eabi/10.3.1/../../../../arm-none-eabi/lib/thumb/v7e-m+fp/softfp\libc.a(lib_a-impure.o)
                0x10009454                _global_impure_ptr
 .rodata._puts_r.str1.4
                0x10009458        0x2 c:/maximsdk/tools/gnutools/10.3/bin/../lib/gcc/arm-none-eabi/10.3.1/../../../../arm-none-eabi/lib/thumb/v7e-m+fp/softfp\libc.a(lib_a-puts.o)
 *fill*         0x1000945a        0x2 
 .rodata._vfprintf_r.str1.4
                0x1000945c       0x42 c:/maximsdk/tools/gnutools/10.3/bin/../lib/gcc/arm-none-eabi/10.3.1/../../../../arm-none-eabi/lib/thumb/v7e-m+fp/softfp\libc.a(lib_a-vfprintf.o)
 *fill*         0x1000949e        0x2 
 .rodata.blanks.1
                0x100094a0       0x10 c:/maximsdk/tools/gnutools/10.3/bin/../lib/gcc/arm-none-eabi/10.3.1/../../../../arm-none-eabi/lib/thumb/v7e-m+fp/softfp\libc.a(lib_a-vfprintf.o)
 .rodata.zeroes.0
                0x100094b0       0x10 c:/maximsdk/tools/gnutools/10.3/bin/../lib/gcc/arm-none-eabi/10.3.1/../../../../arm-none-eabi/lib/thumb/v7e-m+fp/softfp\libc.a(lib_a-vfprintf.o)
 .rodata._dtoa_r.str1.4
                0x100094c0       0xa2 c:/maximsdk/tools/gnutools/10.3/bin/../lib/gcc/arm-none-eabi/10.3.1/../../../../arm-none-eabi/lib/thumb/v7e-m+fp/softfp\libc.a(lib_a-dtoa.o)
                                 0xa6 (size before relaxing)
 *fill*         0x10009562        0x2 
 .rodata.__multadd.str1.4
                0x10009564       0x7f c:/maximsdk/tools/gnutools/10.3/bin/../lib/gcc/arm-none-eabi/10.3.1/../../../../arm-none-eabi/lib/thumb/v7e-m+fp/softfp\libc.a(lib_a-mprec.o)
                                 0x93 (size before relaxing)
 *fill*         0x100095e3        0x5 
 .rodata.__mprec_bigtens
                0x100095e8       0x28 c:/maximsdk/tools/gnutools/10.3/bin/../lib/gcc/arm-none-eabi/10.3.1/../../../../arm-none-eabi/lib/thumb/v7e-m+fp/softfp\libc.a(lib_a-mprec.o)
                0x100095e8                __mprec_bigtens
 .rodata.__mprec_tens
                0x10009610       0xc8 c:/maximsdk/tools/gnutools/10.3/bin/../lib/gcc/arm-none-eabi/10.3.1/../../../../arm-none-eabi/lib/thumb/v7e-m+fp/softfp\libc.a(lib_a-mprec.o)
                0x10009610                __mprec_tens
 .rodata.p05.0  0x100096d8        0xc c:/maximsdk/tools/gnutools/10.3/bin/../lib/gcc/arm-none-eabi/10.3.1/../../../../arm-none-eabi/lib/thumb/v7e-m+fp/softfp\libc.a(lib_a-mprec.o)
 .rodata._vfiprintf_r.str1.4
                0x100096e4       0x2f c:/maximsdk/tools/gnutools/10.3/bin/../lib/gcc/arm-none-eabi/10.3.1/../../../../arm-none-eabi/lib/thumb/v7e-m+fp/softfp\libc.a(lib_a-vfiprintf.o)
 .rodata.blanks.1
                0x100096e4       0x10 c:/maximsdk/tools/gnutools/10.3/bin/../lib/gcc/arm-none-eabi/10.3.1/../../../../arm-none-eabi/lib/thumb/v7e-m+fp/softfp\libc.a(lib_a-vfiprintf.o)
 .rodata.zeroes.0
                0x100096f4       0x10 c:/maximsdk/tools/gnutools/10.3/bin/../lib/gcc/arm-none-eabi/10.3.1/../../../../arm-none-eabi/lib/thumb/v7e-m+fp/softfp\libc.a(lib_a-vfiprintf.o)
 .rodata.__assert_func.str1.4
                0x10009704       0x3f c:/maximsdk/tools/gnutools/10.3/bin/../lib/gcc/arm-none-eabi/10.3.1/../../../../arm-none-eabi/lib/thumb/v7e-m+fp/softfp\libc.a(lib_a-assert.o)
                                 0x43 (size before relaxing)
 *fill*         0x10009743        0x1 
 .rodata._setlocale_r.str1.4
                0x10009744        0xa c:/maximsdk/tools/gnutools/10.3/bin/../lib/gcc/arm-none-eabi/10.3.1/../../../../arm-none-eabi/lib/thumb/v7e-m+fp/softfp\libc.a(lib_a-locale.o)
                                  0xd (size before relaxing)
 *fill*         0x1000974e        0x2 
 .rodata.str1.4
                0x10009750        0x2 c:/maximsdk/tools/gnutools/10.3/bin/../lib/gcc/arm-none-eabi/10.3.1/../../../../arm-none-eabi/lib/thumb/v7e-m+fp/softfp\libc.a(lib_a-locale.o)
 *fill*         0x10009752        0x2 
 .rodata._ctype_
                0x10009754      0x101 c:/maximsdk/tools/gnutools/10.3/bin/../lib/gcc/arm-none-eabi/10.3.1/../../../../arm-none-eabi/lib/thumb/v7e-m+fp/softfp\libc.a(lib_a-ctype_.o)
                0x10009754                _ctype_
 *(.init)
 *fill*         0x10009855        0x3 
 .init          0x10009858        0x4 c:/maximsdk/tools/gnutools/10.3/bin/../lib/gcc/arm-none-eabi/10.3.1/thumb/v7e-m+fp/softfp/crti.o
                0x10009858                _init
 .init          0x1000985c        0x8 c:/maximsdk/tools/gnutools/10.3/bin/../lib/gcc/arm-none-eabi/10.3.1/thumb/v7e-m+fp/softfp/crtn.o
 *(.fini)
 .fini          0x10009864        0x4 c:/maximsdk/tools/gnutools/10.3/bin/../lib/gcc/arm-none-eabi/10.3.1/thumb/v7e-m+fp/softfp/crti.o
                0x10009864                _fini
 .fini          0x10009868        0x8 c:/maximsdk/tools/gnutools/10.3/bin/../lib/gcc/arm-none-eabi/10.3.1/thumb/v7e-m+fp/softfp/crtn.o
 *crtbegin.o(.ctors)
 *crtbegin?.o(.ctors)
 *(EXCLUDE_FILE(*crtend.o *crtend?.o) .ctors)
 *(SORT_BY_NAME(.ctors.*))
 *(.ctors)
 *crtbegin.o(.dtors)
 *crtbegin?.o(.dtors)
 *(EXCLUDE_FILE(*crtend.o *crtend?.o) .dtors)
 *(SORT_BY_NAME(.dtors.*))
 *(.dtors)
 *(.eh_frame*)
 .eh_frame      0x10009870        0x0 c:/maximsdk/tools/gnutools/10.3/bin/../lib/gcc/arm-none-eabi/10.3.1/thumb/v7e-m+fp/softfp/crtbegin.o
 .eh_frame      0x10009870        0x4 c:/maximsdk/tools/gnutools/10.3/bin/../lib/gcc/arm-none-eabi/10.3.1/thumb/v7e-m+fp/softfp/crtend.o
                0x10009874                _etext = .

.glue_7         0x10009874        0x0
 .glue_7        0x10009874        0x0 linker stubs

.glue_7t        0x10009874        0x0
 .glue_7t       0x10009874        0x0 linker stubs

.vfp11_veneer   0x10009874        0x0
 .vfp11_veneer  0x10009874        0x0 linker stubs

.v4_bx          0x10009874        0x0
 .v4_bx         0x10009874        0x0 linker stubs

.iplt           0x10009874        0x0
 .iplt          0x10009874        0x0 c:/maximsdk/tools/gnutools/10.3/bin/../lib/gcc/arm-none-eabi/10.3.1/thumb/v7e-m+fp/softfp/crtbegin.o

.ARM.extab
 *(.ARM.extab* .gnu.linkonce.armextab.*)

.bin_storage    0x10009874        0x0
 FILL mask 0xff
                0x10009874                _bin_start_ = .
 *(.bin_storage_img)
                0x10009874                _bin_end_ = .
                0x10009874                . = ALIGN (0x4)

.rom_code       0x00000000        0x0
                0x00000000                . = ALIGN (0x10)
                0x20000000                _sran_code = .
 *(.rom_code_section)
                0x20000000                _esran_code = .

.flash_code     0x10009874        0xc
                0x10009880                . = ALIGN (0x10)
 *fill*         0x10009874        0xc 
                0x20000000                _sran_code = .
 *(.flash_code_section)
                0x20000000                _esran_code = .

.sram_code      0x20000000        0x0
                0x20000000                . = ALIGN (0x10)
                0x20000000                _sran_code = .
 *(.sram_code_section)
                0x20000000                _esran_code = .

.ARM.exidx      0x10009880        0x8
                0x10009880                __exidx_start = .
 *(.ARM.exidx* .gnu.linkonce.armexidx.*)
 .ARM.exidx     0x10009880        0x8 c:/maximsdk/tools/gnutools/10.3/bin/../lib/gcc/arm-none-eabi/10.3.1/thumb/v7e-m+fp/softfp\libgcc.a(_udivmoddi4.o)
                0x10009888                __exidx_end = .

.rel.dyn        0x10009888        0x0
 .rel.iplt      0x10009888        0x0 c:/maximsdk/tools/gnutools/10.3/bin/../lib/gcc/arm-none-eabi/10.3.1/thumb/v7e-m+fp/softfp/crtbegin.o

.data           0x20000000      0x9cc load address 0x10009888
                0x20000000                _data = ALIGN (., 0x4)
                0x20020000                _csi = (. + 0x20000)
 *(vtable)
 *(.data*)
 .data.ConsoleUart
                0x20000000        0x4 d:/Hello_World/build/board.o
                0x20000000                ConsoleUart
 .data.ts_irq_pin
                0x20000004        0xc d:/Hello_World/build/board.o
                0x20000004                ts_irq_pin
 .data.overflows
                0x20000010        0x4 C:/MaximSDK/Libraries/PeriphDrivers/bin/MAX78002/softfp/libPeriphDriver_softfp.a(mxc_delay.o)
 .data._impure_ptr
                0x20000014        0x4 c:/maximsdk/tools/gnutools/10.3/bin/../lib/gcc/arm-none-eabi/10.3.1/../../../../arm-none-eabi/lib/thumb/v7e-m+fp/softfp\libc.a(lib_a-impure.o)
                0x20000014                _impure_ptr
 .data.impure_data
                0x20000018      0x428 c:/maximsdk/tools/gnutools/10.3/bin/../lib/gcc/arm-none-eabi/10.3.1/../../../../arm-none-eabi/lib/thumb/v7e-m+fp/softfp\libc.a(lib_a-impure.o)
 .data.__malloc_av_
                0x20000440      0x408 c:/maximsdk/tools/gnutools/10.3/bin/../lib/gcc/arm-none-eabi/10.3.1/../../../../arm-none-eabi/lib/thumb/v7e-m+fp/softfp\libc.a(lib_a-mallocr.o)
                0x20000440                __malloc_av_
 .data.__malloc_sbrk_base
                0x20000848        0x4 c:/maximsdk/tools/gnutools/10.3/bin/../lib/gcc/arm-none-eabi/10.3.1/../../../../arm-none-eabi/lib/thumb/v7e-m+fp/softfp\libc.a(lib_a-mallocr.o)
                0x20000848                __malloc_sbrk_base
 .data.__malloc_trim_threshold
                0x2000084c        0x4 c:/maximsdk/tools/gnutools/10.3/bin/../lib/gcc/arm-none-eabi/10.3.1/../../../../arm-none-eabi/lib/thumb/v7e-m+fp/softfp\libc.a(lib_a-mallocr.o)
                0x2000084c                __malloc_trim_threshold
 .data.__atexit_recursive_mutex
                0x20000850        0x4 c:/maximsdk/tools/gnutools/10.3/bin/../lib/gcc/arm-none-eabi/10.3.1/../../../../arm-none-eabi/lib/thumb/v7e-m+fp/softfp\libc.a(lib_a-__call_atexit.o)
                0x20000850                __atexit_recursive_mutex
 .data.__global_locale
                0x20000854      0x16c c:/maximsdk/tools/gnutools/10.3/bin/../lib/gcc/arm-none-eabi/10.3.1/../../../../arm-none-eabi/lib/thumb/v7e-m+fp/softfp\libc.a(lib_a-locale.o)
                0x20000854                __global_locale
                0x200009c0                . = ALIGN (0x4)
                0x200009c0                PROVIDE (__preinit_array_start = .)
 *(.preinit_array)
                0x200009c0                PROVIDE (__preinit_array_end = .)
                0x200009c0                . = ALIGN (0x4)
                0x200009c0                PROVIDE (__init_array_start = .)
 *(SORT_BY_NAME(.init_array.*))
 .init_array.00000
                0x200009c0        0x4 c:/maximsdk/tools/gnutools/10.3/bin/../lib/gcc/arm-none-eabi/10.3.1/../../../../arm-none-eabi/lib/thumb/v7e-m+fp/softfp\libc.a(lib_a-__call_atexit.o)
 *(.init_array)
 .init_array    0x200009c4        0x4 c:/maximsdk/tools/gnutools/10.3/bin/../lib/gcc/arm-none-eabi/10.3.1/thumb/v7e-m+fp/softfp/crtbegin.o
                0x200009c8                PROVIDE (__init_array_end = .)
                0x200009c8                . = ALIGN (0x4)
                0x200009c8                PROVIDE (__fini_array_start = .)
 *(SORT_BY_NAME(.fini_array.*))
 *(.fini_array)
 .fini_array    0x200009c8        0x4 c:/maximsdk/tools/gnutools/10.3/bin/../lib/gcc/arm-none-eabi/10.3.1/thumb/v7e-m+fp/softfp/crtbegin.o
                0x200009cc                PROVIDE (__fini_array_end = .)
                0x200009cc                _edata = ALIGN (., 0x4)
                0x10009888                __load_data = LOADADDR (.data)

.igot.plt       0x200009cc        0x0 load address 0x1000a254
 .igot.plt      0x200009cc        0x0 c:/maximsdk/tools/gnutools/10.3/bin/../lib/gcc/arm-none-eabi/10.3.1/thumb/v7e-m+fp/softfp/crtbegin.o

.bss            0x200009cc      0x4e8 load address 0x1000a254
                0x200009cc                . = ALIGN (0x4)
                0x200009cc                _bss = .
 *(.bss*)
 .bss           0x200009cc       0x1c c:/maximsdk/tools/gnutools/10.3/bin/../lib/gcc/arm-none-eabi/10.3.1/thumb/v7e-m+fp/softfp/crtbegin.o
 .bss.blen_pin  0x200009e8        0x4 d:/Hello_World/build/tft_st7789v.o
 .bss.g_background_color
                0x200009ec        0x4 d:/Hello_World/build/tft_st7789v.o
 .bss.pcmd.1    0x200009f0        0x4 d:/Hello_World/build/tft_st7789v.o
 .bss.reset_pin
                0x200009f4        0x4 d:/Hello_World/build/tft_st7789v.o
 .bss.tft_rotation
                0x200009f8        0x1 d:/Hello_World/build/tft_st7789v.o
 *fill*         0x200009f9        0x3 
 .bss.int_gpio  0x200009fc        0xc d:/Hello_World/build/tsc2046.o
 .bss.heap_end  0x20000a08        0x4 d:/Hello_World/build/heap.o
 .bss.cbFunc    0x20000a0c        0x4 C:/MaximSDK/Libraries/PeriphDrivers/bin/MAX78002/softfp/libPeriphDriver_softfp.a(mxc_delay.o)
 .bss.ctrl_save
                0x20000a10        0x4 C:/MaximSDK/Libraries/PeriphDrivers/bin/MAX78002/softfp/libPeriphDriver_softfp.a(mxc_delay.o)
 .bss.endtick   0x20000a14        0x4 C:/MaximSDK/Libraries/PeriphDrivers/bin/MAX78002/softfp/libPeriphDriver_softfp.a(mxc_delay.o)
 .bss.states    0x20000a18       0x50 C:/MaximSDK/Libraries/PeriphDrivers/bin/MAX78002/softfp/libPeriphDriver_softfp.a(spi_reva1.o)
 .bss.callback  0x20000a68      0x200 C:/MaximSDK/Libraries/PeriphDrivers/bin/MAX78002/softfp/libPeriphDriver_softfp.a(gpio_common.o)
 .bss.cbparam   0x20000c68      0x200 C:/MaximSDK/Libraries/PeriphDrivers/bin/MAX78002/softfp/libPeriphDriver_softfp.a(gpio_common.o)
 .bss.initialized
                0x20000e68        0x1 C:/MaximSDK/Libraries/PeriphDrivers/bin/MAX78002/softfp/libPeriphDriver_softfp.a(gpio_common.o)
 *fill*         0x20000e69        0x3 
 .bss.__malloc_current_mallinfo
                0x20000e6c       0x28 c:/maximsdk/tools/gnutools/10.3/bin/../lib/gcc/arm-none-eabi/10.3.1/../../../../arm-none-eabi/lib/thumb/v7e-m+fp/softfp\libc.a(lib_a-mallocr.o)
                0x20000e6c                __malloc_current_mallinfo
 .bss.__malloc_max_sbrked_mem
                0x20000e94        0x4 c:/maximsdk/tools/gnutools/10.3/bin/../lib/gcc/arm-none-eabi/10.3.1/../../../../arm-none-eabi/lib/thumb/v7e-m+fp/softfp\libc.a(lib_a-mallocr.o)
                0x20000e94                __malloc_max_sbrked_mem
 .bss.__malloc_max_total_mem
                0x20000e98        0x4 c:/maximsdk/tools/gnutools/10.3/bin/../lib/gcc/arm-none-eabi/10.3.1/../../../../arm-none-eabi/lib/thumb/v7e-m+fp/softfp\libc.a(lib_a-mallocr.o)
                0x20000e98                __malloc_max_total_mem
 .bss.__malloc_top_pad
                0x20000e9c        0x4 c:/maximsdk/tools/gnutools/10.3/bin/../lib/gcc/arm-none-eabi/10.3.1/../../../../arm-none-eabi/lib/thumb/v7e-m+fp/softfp\libc.a(lib_a-mallocr.o)
                0x20000e9c                __malloc_top_pad
 .bss.__lock___atexit_recursive_mutex
                0x20000ea0        0x1 c:/maximsdk/tools/gnutools/10.3/bin/../lib/gcc/arm-none-eabi/10.3.1/../../../../arm-none-eabi/lib/thumb/v7e-m+fp/softfp\libc.a(lib_a-lock.o)
                0x20000ea0                __lock___atexit_recursive_mutex
 *fill*         0x20000ea1        0x3 
 .bss.__lock___malloc_recursive_mutex
                0x20000ea4        0x1 c:/maximsdk/tools/gnutools/10.3/bin/../lib/gcc/arm-none-eabi/10.3.1/../../../../arm-none-eabi/lib/thumb/v7e-m+fp/softfp\libc.a(lib_a-lock.o)
                0x20000ea4                __lock___malloc_recursive_mutex
 *fill*         0x20000ea5        0x3 
 .bss.__lock___sfp_recursive_mutex
                0x20000ea8        0x1 c:/maximsdk/tools/gnutools/10.3/bin/../lib/gcc/arm-none-eabi/10.3.1/../../../../arm-none-eabi/lib/thumb/v7e-m+fp/softfp\libc.a(lib_a-lock.o)
                0x20000ea8                __lock___sfp_recursive_mutex
 *fill*         0x20000ea9        0x3 
 .bss.__lock___sinit_recursive_mutex
                0x20000eac        0x1 c:/maximsdk/tools/gnutools/10.3/bin/../lib/gcc/arm-none-eabi/10.3.1/../../../../arm-none-eabi/lib/thumb/v7e-m+fp/softfp\libc.a(lib_a-lock.o)
                0x20000eac                __lock___sinit_recursive_mutex
 *fill*         0x20000ead        0x3 
 .bss.errno     0x20000eb0        0x4 c:/maximsdk/tools/gnutools/10.3/bin/../lib/gcc/arm-none-eabi/10.3.1/../../../../arm-none-eabi/lib/thumb/v7e-m+fp/softfp\libc.a(lib_a-reent.o)
                0x20000eb0                errno
 *(COMMON)
                0x20000eb4                _ebss = ALIGN (., 0x4)

.shared         0x20000eb4        0x4 load address 0x1000a254
                0x20000eb4                . = ALIGN (0x4)
                0x20000eb4                _shared = .
 *(.mailbox*)
                0x20000eb4                . = ALIGN (0x4)
 *(.shared*)
 .shared        0x20000eb4        0x4 d:/Hello_World/build/system_max78002.o
                0x20000eb4                SystemCoreClock
                0x20000eb8                _eshared = ALIGN (., 0x4)
                0x1000a254                __shared_data = LOADADDR (.shared)
                0x20060000                __StackTop = (ORIGIN (SRAM) + LENGTH (SRAM))
                0x2005f000                __StackLimit = (__StackTop - SIZEOF (.stack_dummy))

.stack_dummy    0x20000eb8     0x1000 load address 0x1000a258
 *(.stack*)
 .stack         0x20000eb8     0x1000 d:/Hello_World/build/startup_max78002.o

.heap           0x20000eb8      0xc00 load address 0x1000a258
                0x20000eb8                . = ALIGN (0x4)
 *(.heap*)
 .heap          0x20000eb8      0xc00 d:/Hello_World/build/startup_max78002.o
                0x20000eb8                __HeapBase
                0x2005f000                __HeapLimit = ABSOLUTE (__StackLimit)
                0x20060000                PROVIDE (__stack = __StackTop)
                0x00000001                ASSERT ((__StackLimit >= _ebss), region RAM overflowed with stack)

.riscv_flash    0x1000a258      0x1a8
                0x1000a300                . = ALIGN (0x100)
 *fill*         0x1000a258       0xa8 
                0x1000a400                . = (. + 0x100)
 *fill*         0x1000a300      0x100 
                0x1000a400                _riscv_boot = .
 *riscv.o(.text*)
OUTPUT(d:/Hello_World/build/Hello_World.elf elf32-littlearm)
LOAD linker stubs

.ARM.attributes
                0x00000000       0x2e
 .ARM.attributes
                0x00000000       0x1e c:/maximsdk/tools/gnutools/10.3/bin/../lib/gcc/arm-none-eabi/10.3.1/thumb/v7e-m+fp/softfp/crti.o
 .ARM.attributes
                0x0000001e       0x32 c:/maximsdk/tools/gnutools/10.3/bin/../lib/gcc/arm-none-eabi/10.3.1/thumb/v7e-m+fp/softfp/crtbegin.o
 .ARM.attributes
                0x00000050       0x32 d:/Hello_World/build/main.o
 .ARM.attributes
                0x00000082       0x32 d:/Hello_World/build/board.o
 .ARM.attributes
                0x000000b4       0x32 d:/Hello_World/build/stdio.o
 .ARM.attributes
                0x000000e6       0x32 d:/Hello_World/build/led.o
 .ARM.attributes
                0x00000118       0x32 d:/Hello_World/build/pb.o
 .ARM.attributes
                0x0000014a       0x32 d:/Hello_World/build/tft_st7789v.o
 .ARM.attributes
                0x0000017c       0x32 d:/Hello_World/build/tsc2046.o
 .ARM.attributes
                0x000001ae       0x1b d:/Hello_World/build/startup_max78002.o
 .ARM.attributes
                0x000001c9       0x32 d:/Hello_World/build/heap.o
 .ARM.attributes
                0x000001fb       0x32 d:/Hello_World/build/system_max78002.o
 .ARM.attributes
                0x0000022d       0x32 C:/MaximSDK/Libraries/PeriphDrivers/bin/MAX78002/softfp/libPeriphDriver_softfp.a(mxc_delay.o)
 .ARM.attributes
                0x0000025f       0x32 C:/MaximSDK/Libraries/PeriphDrivers/bin/MAX78002/softfp/libPeriphDriver_softfp.a(pins_ai87.o)
 .ARM.attributes
                0x00000291       0x32 C:/MaximSDK/Libraries/PeriphDrivers/bin/MAX78002/softfp/libPeriphDriver_softfp.a(sys_ai87.o)
 .ARM.attributes
                0x000002c3       0x32 C:/MaximSDK/Libraries/PeriphDrivers/bin/MAX78002/softfp/libPeriphDriver_softfp.a(gpio_ai87.o)
 .ARM.attributes
                0x000002f5       0x32 C:/MaximSDK/Libraries/PeriphDrivers/bin/MAX78002/softfp/libPeriphDriver_softfp.a(gpio_reva.o)
 .ARM.attributes
                0x00000327       0x32 C:/MaximSDK/Libraries/PeriphDrivers/bin/MAX78002/softfp/libPeriphDriver_softfp.a(spi_ai87.o)
 .ARM.attributes
                0x00000359       0x32 C:/MaximSDK/Libraries/PeriphDrivers/bin/MAX78002/softfp/libPeriphDriver_softfp.a(spi_reva1.o)
 .ARM.attributes
                0x0000038b       0x32 C:/MaximSDK/Libraries/PeriphDrivers/bin/MAX78002/softfp/libPeriphDriver_softfp.a(uart_ai87.o)
 .ARM.attributes
                0x000003bd       0x32 C:/MaximSDK/Libraries/PeriphDrivers/bin/MAX78002/softfp/libPeriphDriver_softfp.a(uart_common.o)
 .ARM.attributes
                0x000003ef       0x32 C:/MaximSDK/Libraries/PeriphDrivers/bin/MAX78002/softfp/libPeriphDriver_softfp.a(uart_revb.o)
 .ARM.attributes
                0x00000421       0x32 C:/MaximSDK/Libraries/PeriphDrivers/bin/MAX78002/softfp/libPeriphDriver_softfp.a(gpio_common.o)
 .ARM.attributes
                0x00000453       0x32 c:/maximsdk/tools/gnutools/10.3/bin/../lib/gcc/arm-none-eabi/10.3.1/../../../../arm-none-eabi/lib/thumb/v7e-m+fp/softfp\libc.a(lib_a-errno.o)
 .ARM.attributes
                0x00000485       0x32 c:/maximsdk/tools/gnutools/10.3/bin/../lib/gcc/arm-none-eabi/10.3.1/../../../../arm-none-eabi/lib/thumb/v7e-m+fp/softfp\libc.a(lib_a-impure.o)
 .ARM.attributes
                0x000004b7       0x32 c:/maximsdk/tools/gnutools/10.3/bin/../lib/gcc/arm-none-eabi/10.3.1/../../../../arm-none-eabi/lib/thumb/v7e-m+fp/softfp\libc.a(lib_a-init.o)
 .ARM.attributes
                0x000004e9       0x32 c:/maximsdk/tools/gnutools/10.3/bin/../lib/gcc/arm-none-eabi/10.3.1/../../../../arm-none-eabi/lib/thumb/v7e-m+fp/softfp\libc.a(lib_a-mallocr.o)
 .ARM.attributes
                0x0000051b       0x1c c:/maximsdk/tools/gnutools/10.3/bin/../lib/gcc/arm-none-eabi/10.3.1/../../../../arm-none-eabi/lib/thumb/v7e-m+fp/softfp\libc.a(lib_a-memcpy.o)
 .ARM.attributes
                0x00000537       0x32 c:/maximsdk/tools/gnutools/10.3/bin/../lib/gcc/arm-none-eabi/10.3.1/../../../../arm-none-eabi/lib/thumb/v7e-m+fp/softfp\libc.a(lib_a-memset.o)
 .ARM.attributes
                0x00000569       0x32 c:/maximsdk/tools/gnutools/10.3/bin/../lib/gcc/arm-none-eabi/10.3.1/../../../../arm-none-eabi/lib/thumb/v7e-m+fp/softfp\libc.a(lib_a-mlock.o)
 .ARM.attributes
                0x0000059b       0x32 c:/maximsdk/tools/gnutools/10.3/bin/../lib/gcc/arm-none-eabi/10.3.1/../../../../arm-none-eabi/lib/thumb/v7e-m+fp/softfp\libc.a(lib_a-printf.o)
 .ARM.attributes
                0x000005cd       0x32 c:/maximsdk/tools/gnutools/10.3/bin/../lib/gcc/arm-none-eabi/10.3.1/../../../../arm-none-eabi/lib/thumb/v7e-m+fp/softfp\libc.a(lib_a-puts.o)
 .ARM.attributes
                0x000005ff       0x32 c:/maximsdk/tools/gnutools/10.3/bin/../lib/gcc/arm-none-eabi/10.3.1/../../../../arm-none-eabi/lib/thumb/v7e-m+fp/softfp\libc.a(lib_a-sbrkr.o)
 .ARM.attributes
                0x00000631       0x1c c:/maximsdk/tools/gnutools/10.3/bin/../lib/gcc/arm-none-eabi/10.3.1/../../../../arm-none-eabi/lib/thumb/v7e-m+fp/softfp\libc.a(lib_a-strlen.o)
 .ARM.attributes
                0x0000064d       0x32 c:/maximsdk/tools/gnutools/10.3/bin/../lib/gcc/arm-none-eabi/10.3.1/../../../../arm-none-eabi/lib/thumb/v7e-m+fp/softfp\libc.a(lib_a-vfprintf.o)
 .ARM.attributes
                0x0000067f       0x32 c:/maximsdk/tools/gnutools/10.3/bin/../lib/gcc/arm-none-eabi/10.3.1/../../../../arm-none-eabi/lib/thumb/v7e-m+fp/softfp\libc.a(lib_a-wsetup.o)
 .ARM.attributes
                0x000006b1       0x32 c:/maximsdk/tools/gnutools/10.3/bin/../lib/gcc/arm-none-eabi/10.3.1/../../../../arm-none-eabi/lib/thumb/v7e-m+fp/softfp\libc.a(lib_a-__call_atexit.o)
 .ARM.attributes
                0x000006e3       0x32 c:/maximsdk/tools/gnutools/10.3/bin/../lib/gcc/arm-none-eabi/10.3.1/../../../../arm-none-eabi/lib/thumb/v7e-m+fp/softfp\libc.a(lib_a-atexit.o)
 .ARM.attributes
                0x00000715       0x32 c:/maximsdk/tools/gnutools/10.3/bin/../lib/gcc/arm-none-eabi/10.3.1/../../../../arm-none-eabi/lib/thumb/v7e-m+fp/softfp\libc.a(lib_a-dtoa.o)
 .ARM.attributes
                0x00000747       0x32 c:/maximsdk/tools/gnutools/10.3/bin/../lib/gcc/arm-none-eabi/10.3.1/../../../../arm-none-eabi/lib/thumb/v7e-m+fp/softfp\libc.a(lib_a-fflush.o)
 .ARM.attributes
                0x00000779       0x32 c:/maximsdk/tools/gnutools/10.3/bin/../lib/gcc/arm-none-eabi/10.3.1/../../../../arm-none-eabi/lib/thumb/v7e-m+fp/softfp\libc.a(lib_a-findfp.o)
 .ARM.attributes
                0x000007ab       0x32 c:/maximsdk/tools/gnutools/10.3/bin/../lib/gcc/arm-none-eabi/10.3.1/../../../../arm-none-eabi/lib/thumb/v7e-m+fp/softfp\libc.a(lib_a-fini.o)
 .ARM.attributes
                0x000007dd       0x32 c:/maximsdk/tools/gnutools/10.3/bin/../lib/gcc/arm-none-eabi/10.3.1/../../../../arm-none-eabi/lib/thumb/v7e-m+fp/softfp\libc.a(lib_a-freer.o)
 .ARM.attributes
                0x0000080f       0x32 c:/maximsdk/tools/gnutools/10.3/bin/../lib/gcc/arm-none-eabi/10.3.1/../../../../arm-none-eabi/lib/thumb/v7e-m+fp/softfp\libc.a(lib_a-fvwrite.o)
 .ARM.attributes
                0x00000841       0x32 c:/maximsdk/tools/gnutools/10.3/bin/../lib/gcc/arm-none-eabi/10.3.1/../../../../arm-none-eabi/lib/thumb/v7e-m+fp/softfp\libc.a(lib_a-fwalk.o)
 .ARM.attributes
                0x00000873       0x32 c:/maximsdk/tools/gnutools/10.3/bin/../lib/gcc/arm-none-eabi/10.3.1/../../../../arm-none-eabi/lib/thumb/v7e-m+fp/softfp\libc.a(lib_a-localeconv.o)
 .ARM.attributes
                0x000008a5       0x32 c:/maximsdk/tools/gnutools/10.3/bin/../lib/gcc/arm-none-eabi/10.3.1/../../../../arm-none-eabi/lib/thumb/v7e-m+fp/softfp\libc.a(lib_a-lock.o)
 .ARM.attributes
                0x000008d7       0x32 c:/maximsdk/tools/gnutools/10.3/bin/../lib/gcc/arm-none-eabi/10.3.1/../../../../arm-none-eabi/lib/thumb/v7e-m+fp/softfp\libc.a(lib_a-makebuf.o)
 .ARM.attributes
                0x00000909       0x1c c:/maximsdk/tools/gnutools/10.3/bin/../lib/gcc/arm-none-eabi/10.3.1/../../../../arm-none-eabi/lib/thumb/v7e-m+fp/softfp\libc.a(lib_a-memchr.o)
 .ARM.attributes
                0x00000925       0x32 c:/maximsdk/tools/gnutools/10.3/bin/../lib/gcc/arm-none-eabi/10.3.1/../../../../arm-none-eabi/lib/thumb/v7e-m+fp/softfp\libc.a(lib_a-memmove.o)
 .ARM.attributes
                0x00000957       0x32 c:/maximsdk/tools/gnutools/10.3/bin/../lib/gcc/arm-none-eabi/10.3.1/../../../../arm-none-eabi/lib/thumb/v7e-m+fp/softfp\libc.a(lib_a-mprec.o)
 .ARM.attributes
                0x00000989       0x32 c:/maximsdk/tools/gnutools/10.3/bin/../lib/gcc/arm-none-eabi/10.3.1/../../../../arm-none-eabi/lib/thumb/v7e-m+fp/softfp\libc.a(lib_a-reallocr.o)
 .ARM.attributes
                0x000009bb       0x32 c:/maximsdk/tools/gnutools/10.3/bin/../lib/gcc/arm-none-eabi/10.3.1/../../../../arm-none-eabi/lib/thumb/v7e-m+fp/softfp\libc.a(lib_a-reent.o)
 .ARM.attributes
                0x000009ed       0x32 c:/maximsdk/tools/gnutools/10.3/bin/../lib/gcc/arm-none-eabi/10.3.1/../../../../arm-none-eabi/lib/thumb/v7e-m+fp/softfp\libc.a(lib_a-s_frexp.o)
 .ARM.attributes
                0x00000a1f       0x32 c:/maximsdk/tools/gnutools/10.3/bin/../lib/gcc/arm-none-eabi/10.3.1/../../../../arm-none-eabi/lib/thumb/v7e-m+fp/softfp\libc.a(lib_a-stdio.o)
 .ARM.attributes
                0x00000a51       0x32 c:/maximsdk/tools/gnutools/10.3/bin/../lib/gcc/arm-none-eabi/10.3.1/../../../../arm-none-eabi/lib/thumb/v7e-m+fp/softfp\libc.a(lib_a-strncpy.o)
 .ARM.attributes
                0x00000a83       0x32 c:/maximsdk/tools/gnutools/10.3/bin/../lib/gcc/arm-none-eabi/10.3.1/../../../../arm-none-eabi/lib/thumb/v7e-m+fp/softfp\libc.a(lib_a-vfiprintf.o)
 .ARM.attributes
                0x00000ab5       0x32 c:/maximsdk/tools/gnutools/10.3/bin/../lib/gcc/arm-none-eabi/10.3.1/../../../../arm-none-eabi/lib/thumb/v7e-m+fp/softfp\libc.a(lib_a-writer.o)
 .ARM.attributes
                0x00000ae7       0x32 c:/maximsdk/tools/gnutools/10.3/bin/../lib/gcc/arm-none-eabi/10.3.1/../../../../arm-none-eabi/lib/thumb/v7e-m+fp/softfp\libc.a(lib_a-__atexit.o)
 .ARM.attributes
                0x00000b19       0x32 c:/maximsdk/tools/gnutools/10.3/bin/../lib/gcc/arm-none-eabi/10.3.1/../../../../arm-none-eabi/lib/thumb/v7e-m+fp/softfp\libc.a(lib_a-assert.o)
 .ARM.attributes
                0x00000b4b       0x32 c:/maximsdk/tools/gnutools/10.3/bin/../lib/gcc/arm-none-eabi/10.3.1/../../../../arm-none-eabi/lib/thumb/v7e-m+fp/softfp\libc.a(lib_a-callocr.o)
 .ARM.attributes
                0x00000b7d       0x32 c:/maximsdk/tools/gnutools/10.3/bin/../lib/gcc/arm-none-eabi/10.3.1/../../../../arm-none-eabi/lib/thumb/v7e-m+fp/softfp\libc.a(lib_a-closer.o)
 .ARM.attributes
                0x00000baf       0x32 c:/maximsdk/tools/gnutools/10.3/bin/../lib/gcc/arm-none-eabi/10.3.1/../../../../arm-none-eabi/lib/thumb/v7e-m+fp/softfp\libc.a(lib_a-fclose.o)
 .ARM.attributes
                0x00000be1       0x32 c:/maximsdk/tools/gnutools/10.3/bin/../lib/gcc/arm-none-eabi/10.3.1/../../../../arm-none-eabi/lib/thumb/v7e-m+fp/softfp\libc.a(lib_a-fiprintf.o)
 .ARM.attributes
                0x00000c13       0x32 c:/maximsdk/tools/gnutools/10.3/bin/../lib/gcc/arm-none-eabi/10.3.1/../../../../arm-none-eabi/lib/thumb/v7e-m+fp/softfp\libc.a(lib_a-fputwc.o)
 .ARM.attributes
                0x00000c45       0x32 c:/maximsdk/tools/gnutools/10.3/bin/../lib/gcc/arm-none-eabi/10.3.1/../../../../arm-none-eabi/lib/thumb/v7e-m+fp/softfp\libc.a(lib_a-fstatr.o)
 .ARM.attributes
                0x00000c77       0x32 c:/maximsdk/tools/gnutools/10.3/bin/../lib/gcc/arm-none-eabi/10.3.1/../../../../arm-none-eabi/lib/thumb/v7e-m+fp/softfp\libc.a(lib_a-isattyr.o)
 .ARM.attributes
                0x00000ca9       0x32 c:/maximsdk/tools/gnutools/10.3/bin/../lib/gcc/arm-none-eabi/10.3.1/../../../../arm-none-eabi/lib/thumb/v7e-m+fp/softfp\libc.a(lib_a-locale.o)
 .ARM.attributes
                0x00000cdb       0x32 c:/maximsdk/tools/gnutools/10.3/bin/../lib/gcc/arm-none-eabi/10.3.1/../../../../arm-none-eabi/lib/thumb/v7e-m+fp/softfp\libc.a(lib_a-lseekr.o)
 .ARM.attributes
                0x00000d0d       0x32 c:/maximsdk/tools/gnutools/10.3/bin/../lib/gcc/arm-none-eabi/10.3.1/../../../../arm-none-eabi/lib/thumb/v7e-m+fp/softfp\libc.a(lib_a-mbtowc_r.o)
 .ARM.attributes
                0x00000d3f       0x32 c:/maximsdk/tools/gnutools/10.3/bin/../lib/gcc/arm-none-eabi/10.3.1/../../../../arm-none-eabi/lib/thumb/v7e-m+fp/softfp\libc.a(lib_a-readr.o)
 .ARM.attributes
                0x00000d71       0x32 c:/maximsdk/tools/gnutools/10.3/bin/../lib/gcc/arm-none-eabi/10.3.1/../../../../arm-none-eabi/lib/thumb/v7e-m+fp/softfp\libc.a(lib_a-wbuf.o)
 .ARM.attributes
                0x00000da3       0x32 c:/maximsdk/tools/gnutools/10.3/bin/../lib/gcc/arm-none-eabi/10.3.1/../../../../arm-none-eabi/lib/thumb/v7e-m+fp/softfp\libc.a(lib_a-wcrtomb.o)
 .ARM.attributes
                0x00000dd5       0x32 c:/maximsdk/tools/gnutools/10.3/bin/../lib/gcc/arm-none-eabi/10.3.1/../../../../arm-none-eabi/lib/thumb/v7e-m+fp/softfp\libc.a(lib_a-wctomb_r.o)
 .ARM.attributes
                0x00000e07       0x32 c:/maximsdk/tools/gnutools/10.3/bin/../lib/gcc/arm-none-eabi/10.3.1/../../../../arm-none-eabi/lib/thumb/v7e-m+fp/softfp\libc.a(lib_a-abort.o)
 .ARM.attributes
                0x00000e39       0x32 c:/maximsdk/tools/gnutools/10.3/bin/../lib/gcc/arm-none-eabi/10.3.1/../../../../arm-none-eabi/lib/thumb/v7e-m+fp/softfp\libc.a(lib_a-ctype_.o)
 .ARM.attributes
                0x00000e6b       0x32 c:/maximsdk/tools/gnutools/10.3/bin/../lib/gcc/arm-none-eabi/10.3.1/../../../../arm-none-eabi/lib/thumb/v7e-m+fp/softfp\libc.a(lib_a-signal.o)
 .ARM.attributes
                0x00000e9d       0x32 c:/maximsdk/tools/gnutools/10.3/bin/../lib/gcc/arm-none-eabi/10.3.1/../../../../arm-none-eabi/lib/thumb/v7e-m+fp/softfp\libc.a(lib_a-signalr.o)
 .ARM.attributes
                0x00000ecf       0x32 c:/maximsdk/tools/gnutools/10.3/bin/../lib/gcc/arm-none-eabi/10.3.1/../../../../arm-none-eabi/lib/thumb/v7e-m+fp/softfp\libnosys.a(_exit.o)
 .ARM.attributes
                0x00000f01       0x1e c:/maximsdk/tools/gnutools/10.3/bin/../lib/gcc/arm-none-eabi/10.3.1/thumb/v7e-m+fp/softfp\libgcc.a(_arm_addsubdf3.o)
 .ARM.attributes
                0x00000f1f       0x1e c:/maximsdk/tools/gnutools/10.3/bin/../lib/gcc/arm-none-eabi/10.3.1/thumb/v7e-m+fp/softfp\libgcc.a(_arm_muldivdf3.o)
 .ARM.attributes
                0x00000f3d       0x1e c:/maximsdk/tools/gnutools/10.3/bin/../lib/gcc/arm-none-eabi/10.3.1/thumb/v7e-m+fp/softfp\libgcc.a(_arm_cmpdf2.o)
 .ARM.attributes
                0x00000f5b       0x1e c:/maximsdk/tools/gnutools/10.3/bin/../lib/gcc/arm-none-eabi/10.3.1/thumb/v7e-m+fp/softfp\libgcc.a(_arm_unorddf2.o)
 .ARM.attributes
                0x00000f79       0x1e c:/maximsdk/tools/gnutools/10.3/bin/../lib/gcc/arm-none-eabi/10.3.1/thumb/v7e-m+fp/softfp\libgcc.a(_arm_fixdfsi.o)
 .ARM.attributes
                0x00000f97       0x1e c:/maximsdk/tools/gnutools/10.3/bin/../lib/gcc/arm-none-eabi/10.3.1/thumb/v7e-m+fp/softfp\libgcc.a(_aeabi_uldivmod.o)
 .ARM.attributes
                0x00000fb5       0x32 c:/maximsdk/tools/gnutools/10.3/bin/../lib/gcc/arm-none-eabi/10.3.1/thumb/v7e-m+fp/softfp\libgcc.a(_udivmoddi4.o)
 .ARM.attributes
                0x00000fe7       0x1e c:/maximsdk/tools/gnutools/10.3/bin/../lib/gcc/arm-none-eabi/10.3.1/thumb/v7e-m+fp/softfp\libgcc.a(_dvmd_tls.o)
 .ARM.attributes
                0x00001005       0x32 c:/maximsdk/tools/gnutools/10.3/bin/../lib/gcc/arm-none-eabi/10.3.1/thumb/v7e-m+fp/softfp/crtend.o
 .ARM.attributes
                0x00001037       0x1e c:/maximsdk/tools/gnutools/10.3/bin/../lib/gcc/arm-none-eabi/10.3.1/thumb/v7e-m+fp/softfp/crtn.o

.comment        0x00000000       0x49
 .comment       0x00000000       0x49 d:/Hello_World/build/main.o
                                 0x4a (size before relaxing)
 .comment       0x00000049       0x4a d:/Hello_World/build/board.o
 .comment       0x00000049       0x4a d:/Hello_World/build/stdio.o
 .comment       0x00000049       0x4a d:/Hello_World/build/led.o
 .comment       0x00000049       0x4a d:/Hello_World/build/pb.o
 .comment       0x00000049       0x4a d:/Hello_World/build/tft_st7789v.o
 .comment       0x00000049       0x4a d:/Hello_World/build/tsc2046.o
 .comment       0x00000049       0x4a d:/Hello_World/build/heap.o
 .comment       0x00000049       0x4a d:/Hello_World/build/system_max78002.o
 .comment       0x00000049       0x4a C:/MaximSDK/Libraries/PeriphDrivers/bin/MAX78002/softfp/libPeriphDriver_softfp.a(mxc_delay.o)
 .comment       0x00000049       0x4a C:/MaximSDK/Libraries/PeriphDrivers/bin/MAX78002/softfp/libPeriphDriver_softfp.a(pins_ai87.o)
 .comment       0x00000049       0x4a C:/MaximSDK/Libraries/PeriphDrivers/bin/MAX78002/softfp/libPeriphDriver_softfp.a(sys_ai87.o)
 .comment       0x00000049       0x4a C:/MaximSDK/Libraries/PeriphDrivers/bin/MAX78002/softfp/libPeriphDriver_softfp.a(gpio_ai87.o)
 .comment       0x00000049       0x4a C:/MaximSDK/Libraries/PeriphDrivers/bin/MAX78002/softfp/libPeriphDriver_softfp.a(gpio_reva.o)
 .comment       0x00000049       0x4a C:/MaximSDK/Libraries/PeriphDrivers/bin/MAX78002/softfp/libPeriphDriver_softfp.a(spi_ai87.o)
 .comment       0x00000049       0x4a C:/MaximSDK/Libraries/PeriphDrivers/bin/MAX78002/softfp/libPeriphDriver_softfp.a(spi_reva1.o)
 .comment       0x00000049       0x4a C:/MaximSDK/Libraries/PeriphDrivers/bin/MAX78002/softfp/libPeriphDriver_softfp.a(uart_ai87.o)
 .comment       0x00000049       0x4a C:/MaximSDK/Libraries/PeriphDrivers/bin/MAX78002/softfp/libPeriphDriver_softfp.a(uart_common.o)
 .comment       0x00000049       0x4a C:/MaximSDK/Libraries/PeriphDrivers/bin/MAX78002/softfp/libPeriphDriver_softfp.a(uart_revb.o)
 .comment       0x00000049       0x4a C:/MaximSDK/Libraries/PeriphDrivers/bin/MAX78002/softfp/libPeriphDriver_softfp.a(gpio_common.o)

.debug_info     0x00000000    0x155b2
 .debug_info    0x00000000      0x3bf d:/Hello_World/build/main.o
 .debug_info    0x000003bf     0x13d0 d:/Hello_World/build/board.o
 .debug_info    0x0000178f      0x689 d:/Hello_World/build/stdio.o
 .debug_info    0x00001e18      0x660 d:/Hello_World/build/led.o
 .debug_info    0x00002478      0xdad d:/Hello_World/build/pb.o
 .debug_info    0x00003225     0x3158 d:/Hello_World/build/tft_st7789v.o
 .debug_info    0x0000637d     0x1470 d:/Hello_World/build/tsc2046.o
 .debug_info    0x000077ed      0x112 d:/Hello_World/build/heap.o
 .debug_info    0x000078ff      0x594 d:/Hello_World/build/system_max78002.o
 .debug_info    0x00007e93      0x403 C:/MaximSDK/Libraries/PeriphDrivers/bin/MAX78002/softfp/libPeriphDriver_softfp.a(mxc_delay.o)
 .debug_info    0x00008296      0xa67 C:/MaximSDK/Libraries/PeriphDrivers/bin/MAX78002/softfp/libPeriphDriver_softfp.a(pins_ai87.o)
 .debug_info    0x00008cfd     0x1324 C:/MaximSDK/Libraries/PeriphDrivers/bin/MAX78002/softfp/libPeriphDriver_softfp.a(sys_ai87.o)
 .debug_info    0x0000a021     0x159b C:/MaximSDK/Libraries/PeriphDrivers/bin/MAX78002/softfp/libPeriphDriver_softfp.a(gpio_ai87.o)
 .debug_info    0x0000b5bc      0xab5 C:/MaximSDK/Libraries/PeriphDrivers/bin/MAX78002/softfp/libPeriphDriver_softfp.a(gpio_reva.o)
 .debug_info    0x0000c071     0x28e0 C:/MaximSDK/Libraries/PeriphDrivers/bin/MAX78002/softfp/libPeriphDriver_softfp.a(spi_ai87.o)
 .debug_info    0x0000e951     0x228c C:/MaximSDK/Libraries/PeriphDrivers/bin/MAX78002/softfp/libPeriphDriver_softfp.a(spi_reva1.o)
 .debug_info    0x00010bdd     0x200c C:/MaximSDK/Libraries/PeriphDrivers/bin/MAX78002/softfp/libPeriphDriver_softfp.a(uart_ai87.o)
 .debug_info    0x00012be9      0x2be C:/MaximSDK/Libraries/PeriphDrivers/bin/MAX78002/softfp/libPeriphDriver_softfp.a(uart_common.o)
 .debug_info    0x00012ea7     0x20a4 C:/MaximSDK/Libraries/PeriphDrivers/bin/MAX78002/softfp/libPeriphDriver_softfp.a(uart_revb.o)
 .debug_info    0x00014f4b      0x667 C:/MaximSDK/Libraries/PeriphDrivers/bin/MAX78002/softfp/libPeriphDriver_softfp.a(gpio_common.o)

.debug_abbrev   0x00000000     0x3543
 .debug_abbrev  0x00000000       0xe7 d:/Hello_World/build/main.o
 .debug_abbrev  0x000000e7      0x3a3 d:/Hello_World/build/board.o
 .debug_abbrev  0x0000048a      0x1d7 d:/Hello_World/build/stdio.o
 .debug_abbrev  0x00000661      0x201 d:/Hello_World/build/led.o
 .debug_abbrev  0x00000862      0x2ec d:/Hello_World/build/pb.o
 .debug_abbrev  0x00000b4e      0x52c d:/Hello_World/build/tft_st7789v.o
 .debug_abbrev  0x0000107a      0x4c3 d:/Hello_World/build/tsc2046.o
 .debug_abbrev  0x0000153d       0xcd d:/Hello_World/build/heap.o
 .debug_abbrev  0x0000160a      0x1d6 d:/Hello_World/build/system_max78002.o
 .debug_abbrev  0x000017e0      0x204 C:/MaximSDK/Libraries/PeriphDrivers/bin/MAX78002/softfp/libPeriphDriver_softfp.a(mxc_delay.o)
 .debug_abbrev  0x000019e4       0xd0 C:/MaximSDK/Libraries/PeriphDrivers/bin/MAX78002/softfp/libPeriphDriver_softfp.a(pins_ai87.o)
 .debug_abbrev  0x00001ab4      0x442 C:/MaximSDK/Libraries/PeriphDrivers/bin/MAX78002/softfp/libPeriphDriver_softfp.a(sys_ai87.o)
 .debug_abbrev  0x00001ef6      0x2ec C:/MaximSDK/Libraries/PeriphDrivers/bin/MAX78002/softfp/libPeriphDriver_softfp.a(gpio_ai87.o)
 .debug_abbrev  0x000021e2      0x155 C:/MaximSDK/Libraries/PeriphDrivers/bin/MAX78002/softfp/libPeriphDriver_softfp.a(gpio_reva.o)
 .debug_abbrev  0x00002337      0x3b2 C:/MaximSDK/Libraries/PeriphDrivers/bin/MAX78002/softfp/libPeriphDriver_softfp.a(spi_ai87.o)
 .debug_abbrev  0x000026e9      0x413 C:/MaximSDK/Libraries/PeriphDrivers/bin/MAX78002/softfp/libPeriphDriver_softfp.a(spi_reva1.o)
 .debug_abbrev  0x00002afc      0x348 C:/MaximSDK/Libraries/PeriphDrivers/bin/MAX78002/softfp/libPeriphDriver_softfp.a(uart_ai87.o)
 .debug_abbrev  0x00002e44      0x113 C:/MaximSDK/Libraries/PeriphDrivers/bin/MAX78002/softfp/libPeriphDriver_softfp.a(uart_common.o)
 .debug_abbrev  0x00002f57      0x3eb C:/MaximSDK/Libraries/PeriphDrivers/bin/MAX78002/softfp/libPeriphDriver_softfp.a(uart_revb.o)
 .debug_abbrev  0x00003342      0x201 C:/MaximSDK/Libraries/PeriphDrivers/bin/MAX78002/softfp/libPeriphDriver_softfp.a(gpio_common.o)

.debug_loc      0x00000000     0xb554
 .debug_loc     0x00000000       0x30 d:/Hello_World/build/main.o
 .debug_loc     0x00000030      0x2ba d:/Hello_World/build/board.o
 .debug_loc     0x000002ea      0x3ad d:/Hello_World/build/stdio.o
 .debug_loc     0x00000697      0x177 d:/Hello_World/build/led.o
 .debug_loc     0x0000080e      0x347 d:/Hello_World/build/pb.o
 .debug_loc     0x00000b55     0x25f0 d:/Hello_World/build/tft_st7789v.o
 .debug_loc     0x00003145      0x34f d:/Hello_World/build/tsc2046.o